2026-08-07 09:49:49,684 INFO o.a.j.u.JMeterUtils: Setting Locale to en_EN
2026-08-07 09:49:49,740 INFO o.a.j.JMeter: Loading user properties from: G:\HCMUS\NAM3-HK3\Testing\InClass\W09\hcmus-sw-testing--eshop-sut\.jmeter\apache-jmeter-5.6.3\bin\user.properties
2026-08-07 09:49:49,741 INFO o.a.j.JMeter: Loading system properties from: G:\HCMUS\NAM3-HK3\Testing\InClass\W09\hcmus-sw-testing--eshop-sut\.jmeter\apache-jmeter-5.6.3\bin\system.properties
2026-08-07 09:49:49,755 INFO o.a.j.JMeter: Copyright (c) 1998-2024 The Apache Software Foundation
2026-08-07 09:49:49,755 INFO o.a.j.JMeter: Version 5.6.3
2026-08-07 09:49:49,755 INFO o.a.j.JMeter: java.version=21.0.9
2026-08-07 09:49:49,756 INFO o.a.j.JMeter: java.vm.name=Java HotSpot(TM) 64-Bit Server VM
2026-08-07 09:49:49,756 INFO o.a.j.JMeter: os.name=Windows 11
2026-08-07 09:49:49,756 INFO o.a.j.JMeter: os.arch=amd64
2026-08-07 09:49:49,756 INFO o.a.j.JMeter: os.version=10.0
2026-08-07 09:49:49,756 INFO o.a.j.JMeter: file.encoding=UTF-8
2026-08-07 09:49:49,756 INFO o.a.j.JMeter: java.awt.headless=true
2026-08-07 09:49:49,756 INFO o.a.j.JMeter: Max memory     =1073741824
2026-08-07 09:49:49,756 INFO o.a.j.JMeter: Available Processors =16
2026-08-07 09:49:49,779 INFO o.a.j.JMeter: Default Locale=English (EN)
2026-08-07 09:49:49,780 INFO o.a.j.JMeter: JMeter  Locale=English (EN)
2026-08-07 09:49:49,780 INFO o.a.j.JMeter: JMeterHome=G:\HCMUS\NAM3-HK3\Testing\InClass\W09\hcmus-sw-testing--eshop-sut\.jmeter\apache-jmeter-5.6.3
2026-08-07 09:49:49,780 INFO o.a.j.JMeter: user.dir  =G:\HCMUS\NAM3-HK3\Testing\InClass\W09\hcmus-sw-testing--eshop-sut
2026-08-07 09:49:49,781 INFO o.a.j.JMeter: PWD       =G:\HCMUS\NAM3-HK3\Testing\InClass\W09\hcmus-sw-testing--eshop-sut
2026-08-07 09:49:49,800 INFO o.a.j.JMeter: IP: 10.124.9.159 Name: QuocTan FullName: 10.124.9.159
2026-08-07 09:49:49,854 INFO o.a.j.JMeter: Setting property 'jmeter.reportgenerator.outputdir' to:'G:\HCMUS\NAM3-HK3\Testing\InClass\W09\hcmus-sw-testing--eshop-sut\html-reports\load'
2026-08-07 09:49:49,863 INFO o.a.j.r.d.ReportGenerator: ReportGenerator will use for Parsing the separator: ','
2026-08-07 09:49:49,863 INFO o.a.j.r.d.ReportGenerator: Will only generate report from results file: results/load.jtl
2026-08-07 09:49:49,863 INFO o.a.j.r.d.ReportGenerator: Reading report generator properties from: G:\HCMUS\NAM3-HK3\Testing\InClass\W09\hcmus-sw-testing--eshop-sut\.jmeter\apache-jmeter-5.6.3\bin\reportgenerator.properties
2026-08-07 09:49:49,863 INFO o.a.j.r.d.ReportGenerator: Merging with JMeter properties
2026-08-07 09:49:49,873 INFO o.a.j.r.c.ReportGeneratorConfiguration: Property 'jmeter.reportgenerator.temp_dir' not found, using default value 'temp' instead.
2026-08-07 09:49:49,873 INFO o.a.j.r.c.ReportGeneratorConfiguration: Property 'jmeter.reportgenerator.apdex_per_transaction' not found, using default value 'null' instead.
2026-08-07 09:49:49,906 INFO o.a.j.r.c.ReportGeneratorConfiguration: apdex_per_transaction is empty, not APDEX per transaction customization
2026-08-07 09:49:49,910 INFO o.a.j.r.c.ReportGeneratorConfiguration: Property 'jmeter.reportgenerator.sample_filter' not found, using default value 'null' instead.
2026-08-07 09:49:49,910 INFO o.a.j.r.c.ReportGeneratorConfiguration: Property 'jmeter.reportgenerator.report_title' not found, using default value 'null' instead.
2026-08-07 09:49:49,910 INFO o.a.j.r.c.ReportGeneratorConfiguration: Property 'jmeter.reportgenerator.start_date' not found, using default value 'null' instead.
2026-08-07 09:49:49,911 INFO o.a.j.r.c.ReportGeneratorConfiguration: Property 'jmeter.reportgenerator.end_date' not found, using default value 'null' instead.
2026-08-07 09:49:49,911 INFO o.a.j.r.c.ReportGeneratorConfiguration: Property 'jmeter.reportgenerator.date_format' not found, using default value 'null' instead.
2026-08-07 09:49:49,911 INFO o.a.j.r.c.ReportGeneratorConfiguration: Will use date range start date: null, end date: null
2026-08-07 09:49:49,918 INFO o.a.j.r.c.ReportGeneratorConfiguration: Property 'jmeter.reportgenerator.graph.totalTPS.exclude_controllers' not found, using default value 'false' instead.
2026-08-07 09:49:49,918 INFO o.a.j.r.c.ReportGeneratorConfiguration: Property 'jmeter.reportgenerator.graph.activeThreadsOverTime.exclude_controllers' not found, using default value 'false' instead.
2026-08-07 09:49:49,919 INFO o.a.j.r.c.ReportGeneratorConfiguration: Property 'jmeter.reportgenerator.graph.timeVsThreads.exclude_controllers' not found, using default value 'false' instead.
2026-08-07 09:49:49,919 INFO o.a.j.r.c.ReportGeneratorConfiguration: Property 'jmeter.reportgenerator.graph.responseTimeDistribution.exclude_controllers' not found, using default value 'false' instead.
2026-08-07 09:49:49,919 INFO o.a.j.r.c.ReportGeneratorConfiguration: Property 'jmeter.reportgenerator.graph.transactionsPerSecond.exclude_controllers' not found, using default value 'false' instead.
2026-08-07 09:49:49,919 INFO o.a.j.r.c.ReportGeneratorConfiguration: Property 'jmeter.reportgenerator.graph.responseTimePercentiles.exclude_controllers' not found, using default value 'false' instead.
2026-08-07 09:49:49,920 INFO o.a.j.r.c.ReportGeneratorConfiguration: Property 'jmeter.reportgenerator.graph.responseTimePercentilesOverTime.exclude_controllers' not found, using default value 'false' instead.
2026-08-07 09:49:49,920 INFO o.a.j.r.c.ReportGeneratorConfiguration: Property 'jmeter.reportgenerator.graph.responseTimesOverTime.exclude_controllers' not found, using default value 'false' instead.
2026-08-07 09:49:49,920 INFO o.a.j.r.c.ReportGeneratorConfiguration: Property 'jmeter.reportgenerator.graph.connectTimeOverTime.exclude_controllers' not found, using default value 'false' instead.
2026-08-07 09:49:49,920 INFO o.a.j.r.c.ReportGeneratorConfiguration: Property 'jmeter.reportgenerator.graph.latenciesOverTime.exclude_controllers' not found, using default value 'false' instead.
2026-08-07 09:49:49,923 INFO o.a.j.r.c.ReportGeneratorConfiguration: Property 'jmeter.reportgenerator.exporter.json.filters_only_sample_series' not found, using default value 'true' instead.
2026-08-07 09:49:49,924 INFO o.a.j.r.c.ReportGeneratorConfiguration: Property 'jmeter.reportgenerator.exporter.json.series_filter' not found, using default value '' instead.
2026-08-07 09:49:49,924 INFO o.a.j.r.c.ReportGeneratorConfiguration: Property 'jmeter.reportgenerator.exporter.json.show_controllers_only' not found, using default value 'false' instead.
2026-08-07 09:49:49,924 INFO o.a.j.r.c.ReportGeneratorConfiguration: Property 'jmeter.reportgenerator.exporter.html.filters_only_sample_series' not found, using default value 'true' instead.
2026-08-07 09:49:49,925 INFO o.a.j.r.c.ReportGeneratorConfiguration: Property 'jmeter.reportgenerator.exporter.html.series_filter' not found, using default value '' instead.
2026-08-07 09:49:49,925 INFO o.a.j.r.c.ReportGeneratorConfiguration: Property 'jmeter.reportgenerator.exporter.html.show_controllers_only' not found, using default value 'false' instead.
2026-08-07 09:49:50,274 INFO o.a.j.s.SaveService: Testplan (JMX) version: 2.2. Testlog (JTL) version: 2.2
2026-08-07 09:49:50,340 INFO o.a.j.s.SaveService: Using SaveService properties version 5.0
2026-08-07 09:49:50,347 INFO o.a.j.s.SaveService: Using SaveService properties file encoding UTF-8
2026-08-07 09:49:50,449 INFO o.a.j.r.p.NormalizerSampleConsumer: Using format, 'ms', to parse timeStamp field
2026-08-07 09:50:02,761 INFO o.a.j.r.p.AbstractSampleConsumer: class org.apache.jmeter.report.processor.AggregateConsumer#stopProducing(): beginDate produced 0 samples
2026-08-07 09:50:02,761 INFO o.a.j.r.p.AbstractSampleConsumer: class org.apache.jmeter.report.processor.AggregateConsumer#stopProducing(): endDate produced 0 samples
2026-08-07 09:50:02,770 INFO o.a.j.r.p.AbstractSampleConsumer: class org.apache.jmeter.report.processor.ApdexSummaryConsumer#stopProducing(): apdexSummary produced 0 samples
2026-08-07 09:50:02,770 INFO o.a.j.r.p.AbstractSampleConsumer: class org.apache.jmeter.report.processor.RequestsSummaryConsumer#stopProducing(): requestsSummary produced 0 samples
2026-08-07 09:50:02,789 INFO o.a.j.r.p.AbstractSampleConsumer: class org.apache.jmeter.report.processor.StatisticsSummaryConsumer#stopProducing(): statisticsSummary produced 0 samples
2026-08-07 09:50:02,804 INFO o.a.j.r.p.AbstractSampleConsumer: class org.apache.jmeter.report.processor.Top5ErrorsBySamplerConsumer#stopProducing(): top5ErrorsBySampler produced 0 samples
2026-08-07 09:50:02,804 INFO o.a.j.r.p.AbstractSampleConsumer: class org.apache.jmeter.report.processor.ErrorsSummaryConsumer#stopProducing(): errorsSummary produced 0 samples
2026-08-07 09:50:02,804 INFO o.a.j.r.p.AbstractSampleConsumer: class org.apache.jmeter.report.processor.graph.impl.HitsPerSecondGraphConsumer#stopProducing(): hitsPerSecond produced 0 samples
2026-08-07 09:50:06,628 INFO o.a.j.r.p.AbstractSampleConsumer: class org.apache.jmeter.report.processor.graph.impl.LatencyVSRequestGraphConsumer#stopProducing(): latencyVsRequest produced 0 samples
2026-08-07 09:50:06,639 INFO o.a.j.r.p.AbstractSampleConsumer: class org.apache.jmeter.report.processor.graph.impl.SyntheticResponseTimeDistributionGraphConsumer#stopProducing(): syntheticResponseTimeDistribution produced 0 samples
2026-08-07 09:50:06,639 INFO o.a.j.r.p.AbstractSampleConsumer: class org.apache.jmeter.report.processor.graph.impl.BytesThroughputGraphConsumer#stopProducing(): bytesThroughputOverTime produced 0 samples
2026-08-07 09:50:06,639 INFO o.a.j.r.p.AbstractSampleConsumer: class org.apache.jmeter.report.processor.graph.impl.CodesPerSecondGraphConsumer#stopProducing(): codesPerSecond produced 0 samples
2026-08-07 09:50:10,202 INFO o.a.j.r.p.AbstractSampleConsumer: class org.apache.jmeter.report.processor.graph.impl.ResponseTimeVSRequestGraphConsumer#stopProducing(): responseTimeVsRequest produced 0 samples
2026-08-07 09:50:10,214 INFO o.a.j.r.p.AbstractSampleConsumer: class org.apache.jmeter.report.processor.FilterConsumer#stopProducing(): startIntervalControlerFilter produced 1392685 samples
2026-08-07 09:50:10,214 INFO o.a.j.r.p.AbstractSampleConsumer: class org.apache.jmeter.report.processor.graph.impl.TotalTPSGraphConsumer#stopProducing(): totalTPS produced 0 samples
2026-08-07 09:50:10,214 INFO o.a.j.r.p.AbstractSampleConsumer: class org.apache.jmeter.report.processor.graph.impl.ActiveThreadsGraphConsumer#stopProducing(): activeThreadsOverTime produced 0 samples
2026-08-07 09:50:10,214 INFO o.a.j.r.p.AbstractSampleConsumer: class org.apache.jmeter.report.processor.graph.impl.TimeVSThreadGraphConsumer#stopProducing(): timeVsThreads produced 0 samples
2026-08-07 09:50:10,214 INFO o.a.j.r.p.AbstractSampleConsumer: class org.apache.jmeter.report.processor.graph.impl.ResponseTimeDistributionGraphConsumer#stopProducing(): responseTimeDistribution produced 0 samples
2026-08-07 09:50:10,214 INFO o.a.j.r.p.AbstractSampleConsumer: class org.apache.jmeter.report.processor.graph.impl.TransactionsPerSecondGraphConsumer#stopProducing(): transactionsPerSecond produced 0 samples
2026-08-07 09:50:10,214 INFO o.a.j.r.p.AbstractSampleConsumer: class org.apache.jmeter.report.processor.graph.impl.ResponseTimePercentilesGraphConsumer#stopProducing(): responseTimePercentiles produced 0 samples
2026-08-07 09:50:10,219 INFO o.a.j.r.p.AbstractSampleConsumer: class org.apache.jmeter.report.processor.graph.impl.ResponseTimePercentilesOverTimeGraphConsumer#stopProducing(): responseTimePercentilesOverTime produced 0 samples
2026-08-07 09:50:10,219 INFO o.a.j.r.p.AbstractSampleConsumer: class org.apache.jmeter.report.processor.graph.impl.ResponseTimeOverTimeGraphConsumer#stopProducing(): responseTimesOverTime produced 0 samples
2026-08-07 09:50:10,219 INFO o.a.j.r.p.AbstractSampleConsumer: class org.apache.jmeter.report.processor.graph.impl.ConnectTimeOverTimeGraphConsumer#stopProducing(): connectTimeOverTime produced 0 samples
2026-08-07 09:50:10,219 INFO o.a.j.r.p.AbstractSampleConsumer: class org.apache.jmeter.report.processor.graph.impl.LatencyOverTimeGraphConsumer#stopProducing(): latenciesOverTime produced 0 samples
2026-08-07 09:50:10,219 INFO o.a.j.r.p.AbstractSampleConsumer: class org.apache.jmeter.report.processor.FilterConsumer#stopProducing(): nameFilter produced 2984325 samples
2026-08-07 09:50:10,219 INFO o.a.j.r.p.AbstractSampleConsumer: class org.apache.jmeter.report.processor.FilterConsumer#stopProducing(): dateRangeFilter produced 596865 samples
2026-08-07 09:50:10,219 INFO o.a.j.r.p.AbstractSampleConsumer: class org.apache.jmeter.report.processor.NormalizerSampleConsumer#stopProducing(): normalizer produced 198955 samples
2026-08-07 09:50:10,219 INFO o.a.j.r.p.CsvFileSampleSource: produce(): 198955 samples produced in 19s 737 ms on channel 0
2026-08-07 09:50:10,219 INFO o.a.j.r.d.ReportGenerator: Exporting data using exporter:'json' of className:'org.apache.jmeter.report.dashboard.JsonExporter'
2026-08-07 09:50:10,331 INFO o.a.j.r.d.JsonExporter: Found data for consumer statisticsSummary in context
2026-08-07 09:50:10,331 INFO o.a.j.r.d.JsonExporter: Creating statistics for overall
2026-08-07 09:50:10,331 INFO o.a.j.r.d.JsonExporter: Creating statistics for other transactions
2026-08-07 09:50:10,331 INFO o.a.j.r.d.JsonExporter: Checking output folder
2026-08-07 09:50:10,331 INFO o.a.j.r.d.JsonExporter: Writing statistics JSON to G:\HCMUS\NAM3-HK3\Testing\InClass\W09\hcmus-sw-testing--eshop-sut\html-reports\load\statistics.json
2026-08-07 09:50:10,415 INFO o.a.j.r.d.ReportGenerator: Exporting data using exporter:'html' of className:'org.apache.jmeter.report.dashboard.HtmlTemplateExporter'
2026-08-07 09:50:10,415 INFO o.a.j.r.d.HtmlTemplateExporter: Will generate dashboard in folder: G:\HCMUS\NAM3-HK3\Testing\InClass\W09\hcmus-sw-testing--eshop-sut\html-reports\load
2026-08-07 09:50:10,694 INFO o.a.j.r.d.HtmlTemplateExporter: Report will be generated in: G:\HCMUS\NAM3-HK3\Testing\InClass\W09\hcmus-sw-testing--eshop-sut\html-reports\load, creating folder structure
2026-08-07 09:50:10,700 INFO o.a.j.r.d.TemplateVisitor: Copying folder from 'G:\HCMUS\NAM3-HK3\Testing\InClass\W09\hcmus-sw-testing--eshop-sut\.jmeter\apache-jmeter-5.6.3\bin\report-template' to 'G:\HCMUS\NAM3-HK3\Testing\InClass\W09\hcmus-sw-testing--eshop-sut\html-reports\load', got message: G:\HCMUS\NAM3-HK3\Testing\InClass\W09\hcmus-sw-testing--eshop-sut\html-reports\load, found non empty folder with following content [G:\HCMUS\NAM3-HK3\Testing\InClass\W09\hcmus-sw-testing--eshop-sut\html-reports\load\statistics.json], will be ignored
