
Running 15 tests using 1 worker

  ✘  1 [firefox] › specs/product-detail.spec.ts:200:3 › [TC-PRODUCT-DETAIL-001] Valid product displays complete details (3.4s)
  ✘  2 [firefox] › specs/product-detail.spec.ts:200:3 › [TC-PRODUCT-DETAIL-001] Valid product displays complete details (retry #1) (3.1s)
  ✘  3 [firefox] › specs/product-detail.spec.ts:200:3 › [TC-PRODUCT-DETAIL-002] Unknown numeric product ID produces a not-found response (1.4s)
  ✘  4 [firefox] › specs/product-detail.spec.ts:200:3 › [TC-PRODUCT-DETAIL-002] Unknown numeric product ID produces a not-found response (retry #1) (1.2s)
  ✘  5 [firefox] › specs/product-detail.spec.ts:200:3 › [TC-PRODUCT-DETAIL-003] Non-numeric product ID produces a validation response (1.0s)
  ✘  6 [firefox] › specs/product-detail.spec.ts:200:3 › [TC-PRODUCT-DETAIL-003] Non-numeric product ID produces a validation response (retry #1) (1.0s)
  ✘  7 [firefox] › specs/product-detail.spec.ts:200:3 › [TC-PRODUCT-DETAIL-004] Quantity two adds the product and gives visual feedback (8.1s)
  ✘  8 [firefox] › specs/product-detail.spec.ts:200:3 › [TC-PRODUCT-DETAIL-004] Quantity two adds the product and gives visual feedback (retry #1) (8.2s)
  ✘  9 [firefox] › specs/product-detail.spec.ts:200:3 › [TC-PRODUCT-DETAIL-005] Quantity zero is rejected (2.2s)
  ✘  10 [firefox] › specs/product-detail.spec.ts:200:3 › [TC-PRODUCT-DETAIL-005] Quantity zero is rejected (retry #1) (2.1s)
  ✘  11 [firefox] › specs/product-detail.spec.ts:200:3 › [TC-PRODUCT-DETAIL-006] Negative quantity is rejected (2.1s)
  ✘  12 [firefox] › specs/product-detail.spec.ts:200:3 › [TC-PRODUCT-DETAIL-006] Negative quantity is rejected (retry #1) (2.1s)
  ✘  13 [firefox] › specs/product-detail.spec.ts:200:3 › [TC-PRODUCT-DETAIL-007] Decimal quantity is rejected (2.0s)
  ✘  14 [firefox] › specs/product-detail.spec.ts:200:3 › [TC-PRODUCT-DETAIL-007] Decimal quantity is rejected (retry #1) (2.1s)
  ✘  15 [firefox] › specs/product-detail.spec.ts:200:3 › [TC-PRODUCT-DETAIL-008] Empty quantity is rejected (2.0s)
  ✘  16 [firefox] › specs/product-detail.spec.ts:200:3 › [TC-PRODUCT-DETAIL-008] Empty quantity is rejected (retry #1) (2.0s)
  ✘  17 [firefox] › specs/product-detail.spec.ts:200:3 › [TC-PRODUCT-DETAIL-009] Alphabetic quantity is rejected (2.1s)
  ✘  18 [firefox] › specs/product-detail.spec.ts:200:3 › [TC-PRODUCT-DETAIL-009] Alphabetic quantity is rejected (retry #1) (2.1s)
  ✘  19 [firefox] › specs/product-detail.spec.ts:200:3 › [TC-PRODUCT-DETAIL-010] Minimum quantity one is accepted (8.1s)
  ✘  20 [firefox] › specs/product-detail.spec.ts:200:3 › [TC-PRODUCT-DETAIL-010] Minimum quantity one is accepted (retry #1) (8.2s)
  ✘  21 [firefox] › specs/product-detail.spec.ts:200:3 › [TC-PRODUCT-DETAIL-011] Quantity just above minimum is accepted (8.1s)
  ✘  22 [firefox] › specs/product-detail.spec.ts:200:3 › [TC-PRODUCT-DETAIL-011] Quantity just above minimum is accepted (retry #1) (8.2s)
  ✘  23 [firefox] › specs/product-detail.spec.ts:200:3 › [TC-PRODUCT-DETAIL-012] Unauthenticated add-to-cart is rejected (4.2s)
  ✘  24 [firefox] › specs/product-detail.spec.ts:200:3 › [TC-PRODUCT-DETAIL-012] Unauthenticated add-to-cart is rejected (retry #1) (4.1s)
  ✘  25 [firefox] › specs/product-detail.spec.ts:200:3 › [TC-PRODUCT-DETAIL-013] Breadcrumb links back to the home page (3.1s)
  ✘  26 [firefox] › specs/product-detail.spec.ts:200:3 › [TC-PRODUCT-DETAIL-013] Breadcrumb links back to the home page (retry #1) (3.1s)
  ✓  27 [firefox] › specs/product-detail.spec.ts:200:3 › [TC-PRODUCT-DETAIL-014] Primary product image has non-empty alternative text (1.1s)
  ✓  28 [firefox] › specs/product-detail.spec.ts:200:3 › [TC-PRODUCT-DETAIL-015] Malicious product text is escaped and never executed (388ms)


  1) [firefox] › specs/product-detail.spec.ts:200:3 › [TC-PRODUCT-DETAIL-001] Valid product displays complete details 

    Error: [31mTimed out 2000ms waiting for [39m[2mexpect([22m[31mlocator[39m[2m).[22mtoBeVisible[2m()[22m

    Locator: locator('main').getByText('Điện thoại', { exact: true })
    Expected: visible
    Received: <element(s) not found>
    Call log:
    [2m  - Expect "toBeVisible" with timeout 2000ms[22m
    [2m  - waiting for locator('main').getByText('Điện thoại', { exact: true })[22m


      120 |       await expect(
      121 |         productPage.main.getByText(expectation.category, { exact: true }),
    > 122 |       ).toBeVisible();
          |         ^
      123 |       await expect(productPage.main).toContainText(
      124 |         new RegExp(expectation.formattedPricePattern),
      125 |       );
        at assertExpectation (/Users/lap15045/@repos/hcmus-sw-testing--eshop-sut/tests/automation/specs/product-detail.spec.ts:122:9)
        at /Users/lap15045/@repos/hcmus-sw-testing--eshop-sut/tests/automation/specs/product-detail.spec.ts:204:5

    attachment #1: screenshot (image/png) ──────────────────────────────────────────────────────────
    ../../reports/artifacts/product-detail/firefox/product-detail--TC-PRODUCT-3e24c-t-displays-complete-details-firefox/test-failed-1.png
    ────────────────────────────────────────────────────────────────────────────────────────────────

    attachment #2: video (video/webm) ──────────────────────────────────────────────────────────────
    ../../reports/artifacts/product-detail/firefox/product-detail--TC-PRODUCT-3e24c-t-displays-complete-details-firefox/video.webm
    ────────────────────────────────────────────────────────────────────────────────────────────────

    Error Context: ../../reports/artifacts/product-detail/firefox/product-detail--TC-PRODUCT-3e24c-t-displays-complete-details-firefox/error-context.md

    Retry #1 ───────────────────────────────────────────────────────────────────────────────────────

    Error: [31mTimed out 2000ms waiting for [39m[2mexpect([22m[31mlocator[39m[2m).[22mtoBeVisible[2m()[22m

    Locator: locator('main').getByText('Điện thoại', { exact: true })
    Expected: visible
    Received: <element(s) not found>
    Call log:
    [2m  - Expect "toBeVisible" with timeout 2000ms[22m
    [2m  - waiting for locator('main').getByText('Điện thoại', { exact: true })[22m


      120 |       await expect(
      121 |         productPage.main.getByText(expectation.category, { exact: true }),
    > 122 |       ).toBeVisible();
          |         ^
      123 |       await expect(productPage.main).toContainText(
      124 |         new RegExp(expectation.formattedPricePattern),
      125 |       );
        at assertExpectation (/Users/lap15045/@repos/hcmus-sw-testing--eshop-sut/tests/automation/specs/product-detail.spec.ts:122:9)
        at /Users/lap15045/@repos/hcmus-sw-testing--eshop-sut/tests/automation/specs/product-detail.spec.ts:204:5

    attachment #1: screenshot (image/png) ──────────────────────────────────────────────────────────
    ../../reports/artifacts/product-detail/firefox/product-detail--TC-PRODUCT-3e24c-t-displays-complete-details-firefox-retry1/test-failed-1.png
    ────────────────────────────────────────────────────────────────────────────────────────────────

    attachment #2: video (video/webm) ──────────────────────────────────────────────────────────────
    ../../reports/artifacts/product-detail/firefox/product-detail--TC-PRODUCT-3e24c-t-displays-complete-details-firefox-retry1/video.webm
    ────────────────────────────────────────────────────────────────────────────────────────────────

    Error Context: ../../reports/artifacts/product-detail/firefox/product-detail--TC-PRODUCT-3e24c-t-displays-complete-details-firefox-retry1/error-context.md

    attachment #4: trace (application/zip) ─────────────────────────────────────────────────────────
    ../../reports/artifacts/product-detail/firefox/product-detail--TC-PRODUCT-3e24c-t-displays-complete-details-firefox-retry1/trace.zip
    Usage:

        npx playwright show-trace ../../reports/artifacts/product-detail/firefox/product-detail--TC-PRODUCT-3e24c-t-displays-complete-details-firefox-retry1/trace.zip

    ────────────────────────────────────────────────────────────────────────────────────────────────

  2) [firefox] › specs/product-detail.spec.ts:200:3 › [TC-PRODUCT-DETAIL-002] Unknown numeric product ID produces a not-found response 

    Error: [2mexpect([22m[31mreceived[39m[2m).[22mtoBe[2m([22m[32mexpected[39m[2m) // Object.is equality[22m

    Expected: [32m404[39m
    Received: [31m200[39m

      126 |       return;
      127 |     case "error_state":
    > 128 |       expect(productPage.productApiStatus()).toBe(expectation.httpStatus);
          |                                              ^
      129 |       await expect(productPage.main).toContainText(new RegExp(expectation.messagePattern, "i"));
      130 |       await expect(productPage.main).not.toBeEmpty();
      131 |       return;
        at assertExpectation (/Users/lap15045/@repos/hcmus-sw-testing--eshop-sut/tests/automation/specs/product-detail.spec.ts:128:46)
        at /Users/lap15045/@repos/hcmus-sw-testing--eshop-sut/tests/automation/specs/product-detail.spec.ts:204:11

    attachment #1: screenshot (image/png) ──────────────────────────────────────────────────────────
    ../../reports/artifacts/product-detail/firefox/product-detail--TC-PRODUCT-f257a-oduces-a-not-found-response-firefox/test-failed-1.png
    ────────────────────────────────────────────────────────────────────────────────────────────────

    attachment #2: video (video/webm) ──────────────────────────────────────────────────────────────
    ../../reports/artifacts/product-detail/firefox/product-detail--TC-PRODUCT-f257a-oduces-a-not-found-response-firefox/video.webm
    ────────────────────────────────────────────────────────────────────────────────────────────────

    Error Context: ../../reports/artifacts/product-detail/firefox/product-detail--TC-PRODUCT-f257a-oduces-a-not-found-response-firefox/error-context.md

    Retry #1 ───────────────────────────────────────────────────────────────────────────────────────

    Error: [2mexpect([22m[31mreceived[39m[2m).[22mtoBe[2m([22m[32mexpected[39m[2m) // Object.is equality[22m

    Expected: [32m404[39m
    Received: [31m200[39m

      126 |       return;
      127 |     case "error_state":
    > 128 |       expect(productPage.productApiStatus()).toBe(expectation.httpStatus);
          |                                              ^
      129 |       await expect(productPage.main).toContainText(new RegExp(expectation.messagePattern, "i"));
      130 |       await expect(productPage.main).not.toBeEmpty();
      131 |       return;
        at assertExpectation (/Users/lap15045/@repos/hcmus-sw-testing--eshop-sut/tests/automation/specs/product-detail.spec.ts:128:46)
        at /Users/lap15045/@repos/hcmus-sw-testing--eshop-sut/tests/automation/specs/product-detail.spec.ts:204:11

    attachment #1: screenshot (image/png) ──────────────────────────────────────────────────────────
    ../../reports/artifacts/product-detail/firefox/product-detail--TC-PRODUCT-f257a-oduces-a-not-found-response-firefox-retry1/test-failed-1.png
    ────────────────────────────────────────────────────────────────────────────────────────────────

    attachment #2: video (video/webm) ──────────────────────────────────────────────────────────────
    ../../reports/artifacts/product-detail/firefox/product-detail--TC-PRODUCT-f257a-oduces-a-not-found-response-firefox-retry1/video.webm
    ────────────────────────────────────────────────────────────────────────────────────────────────

    Error Context: ../../reports/artifacts/product-detail/firefox/product-detail--TC-PRODUCT-f257a-oduces-a-not-found-response-firefox-retry1/error-context.md

    attachment #4: trace (application/zip) ─────────────────────────────────────────────────────────
    ../../reports/artifacts/product-detail/firefox/product-detail--TC-PRODUCT-f257a-oduces-a-not-found-response-firefox-retry1/trace.zip
    Usage:

        npx playwright show-trace ../../reports/artifacts/product-detail/firefox/product-detail--TC-PRODUCT-f257a-oduces-a-not-found-response-firefox-retry1/trace.zip

    ────────────────────────────────────────────────────────────────────────────────────────────────

  3) [firefox] › specs/product-detail.spec.ts:200:3 › [TC-PRODUCT-DETAIL-003] Non-numeric product ID produces a validation response 

    Error: [2mexpect([22m[31mreceived[39m[2m).[22mtoBe[2m([22m[32mexpected[39m[2m) // Object.is equality[22m

    Expected: [32m400[39m
    Received: [31m200[39m

      126 |       return;
      127 |     case "error_state":
    > 128 |       expect(productPage.productApiStatus()).toBe(expectation.httpStatus);
          |                                              ^
      129 |       await expect(productPage.main).toContainText(new RegExp(expectation.messagePattern, "i"));
      130 |       await expect(productPage.main).not.toBeEmpty();
      131 |       return;
        at assertExpectation (/Users/lap15045/@repos/hcmus-sw-testing--eshop-sut/tests/automation/specs/product-detail.spec.ts:128:46)
        at /Users/lap15045/@repos/hcmus-sw-testing--eshop-sut/tests/automation/specs/product-detail.spec.ts:204:11

    attachment #1: screenshot (image/png) ──────────────────────────────────────────────────────────
    ../../reports/artifacts/product-detail/firefox/product-detail--TC-PRODUCT-df10f-duces-a-validation-response-firefox/test-failed-1.png
    ────────────────────────────────────────────────────────────────────────────────────────────────

    attachment #2: video (video/webm) ──────────────────────────────────────────────────────────────
    ../../reports/artifacts/product-detail/firefox/product-detail--TC-PRODUCT-df10f-duces-a-validation-response-firefox/video.webm
    ────────────────────────────────────────────────────────────────────────────────────────────────

    Error Context: ../../reports/artifacts/product-detail/firefox/product-detail--TC-PRODUCT-df10f-duces-a-validation-response-firefox/error-context.md

    Retry #1 ───────────────────────────────────────────────────────────────────────────────────────

    Error: [2mexpect([22m[31mreceived[39m[2m).[22mtoBe[2m([22m[32mexpected[39m[2m) // Object.is equality[22m

    Expected: [32m400[39m
    Received: [31m200[39m

      126 |       return;
      127 |     case "error_state":
    > 128 |       expect(productPage.productApiStatus()).toBe(expectation.httpStatus);
          |                                              ^
      129 |       await expect(productPage.main).toContainText(new RegExp(expectation.messagePattern, "i"));
      130 |       await expect(productPage.main).not.toBeEmpty();
      131 |       return;
        at assertExpectation (/Users/lap15045/@repos/hcmus-sw-testing--eshop-sut/tests/automation/specs/product-detail.spec.ts:128:46)
        at /Users/lap15045/@repos/hcmus-sw-testing--eshop-sut/tests/automation/specs/product-detail.spec.ts:204:11

    attachment #1: screenshot (image/png) ──────────────────────────────────────────────────────────
    ../../reports/artifacts/product-detail/firefox/product-detail--TC-PRODUCT-df10f-duces-a-validation-response-firefox-retry1/test-failed-1.png
    ────────────────────────────────────────────────────────────────────────────────────────────────

    attachment #2: video (video/webm) ──────────────────────────────────────────────────────────────
    ../../reports/artifacts/product-detail/firefox/product-detail--TC-PRODUCT-df10f-duces-a-validation-response-firefox-retry1/video.webm
    ────────────────────────────────────────────────────────────────────────────────────────────────

    Error Context: ../../reports/artifacts/product-detail/firefox/product-detail--TC-PRODUCT-df10f-duces-a-validation-response-firefox-retry1/error-context.md

    attachment #4: trace (application/zip) ─────────────────────────────────────────────────────────
    ../../reports/artifacts/product-detail/firefox/product-detail--TC-PRODUCT-df10f-duces-a-validation-response-firefox-retry1/trace.zip
    Usage:

        npx playwright show-trace ../../reports/artifacts/product-detail/firefox/product-detail--TC-PRODUCT-df10f-duces-a-validation-response-firefox-retry1/trace.zip

    ────────────────────────────────────────────────────────────────────────────────────────────────

  4) [firefox] › specs/product-detail.spec.ts:200:3 › [TC-PRODUCT-DETAIL-004] Quantity two adds the product and gives visual feedback 

    Error: [31mTimed out 1000ms waiting for [39m[2mexpect([22m[31mlocator[39m[2m).[22mtoHaveText[2m([22m[32mexpected[39m[2m)[22m

    Locator: getByRole('button', { name: /Thêm vào giỏ hàng|Đã thêm/ })
    Expected string: [32m"Đã thêm"[39m
    Received string: [31m"Thêm vào giỏ hàng"[39m
    Call log:
    [2m  - Expect "soft toHaveText" with timeout 1000ms[22m
    [2m  - waiting for getByRole('button', { name: /Thêm vào giỏ hàng|Đã thêm/ })[22m
    [2m    5 × locator resolved to <button class="bg-green-600 text-white py-3 px-6 rounded hover:bg-green-700 self-start bug-mobile-hidden">Thêm vào giỏ hàng</button>[22m
    [2m      - unexpected value "Thêm vào giỏ hàng"[22m


      131 |       return;
      132 |     case "cart_accepted": {
    > 133 |       await expect.soft(productPage.addToCartButton).toHaveText(expectation.successText, {
          |                                                      ^
      134 |         timeout: 1_000,
      135 |       });
      136 |       await productPage.openCart();
        at assertExpectation (/Users/lap15045/@repos/hcmus-sw-testing--eshop-sut/tests/automation/specs/product-detail.spec.ts:133:54)
        at /Users/lap15045/@repos/hcmus-sw-testing--eshop-sut/tests/automation/specs/product-detail.spec.ts:204:11

    Error: [31mTimed out 2000ms waiting for [39m[2mexpect([22m[31mlocator[39m[2m).[22mtoHaveCount[2m([22m[32mexpected[39m[2m)[22m

    Locator: locator('main tbody tr')
    Expected: [32m1[39m
    Received: [31m0[39m
    Call log:
    [2m  - Expect "soft toHaveCount" with timeout 2000ms[22m
    [2m  - waiting for locator('main tbody tr')[22m
    [2m    6 × locator resolved to 0 elements[22m
    [2m      - unexpected value "0"[22m


      135 |       });
      136 |       await productPage.openCart();
    > 137 |       await expect.soft(productPage.cartRows()).toHaveCount(1);
          |                                                 ^
      138 |       const row = productPage.cartRows().first();
      139 |       await expect.soft(row).toContainText(expectation.productName);
      140 |       await expect.soft(row.getByRole("cell").nth(2)).toHaveText(expectation.expectedQuantity);
        at assertExpectation (/Users/lap15045/@repos/hcmus-sw-testing--eshop-sut/tests/automation/specs/product-detail.spec.ts:137:49)
        at /Users/lap15045/@repos/hcmus-sw-testing--eshop-sut/tests/automation/specs/product-detail.spec.ts:204:5

    Error: [31mTimed out 2000ms waiting for [39m[2mexpect([22m[31mlocator[39m[2m).[22mtoContainText[2m([22m[32mexpected[39m[2m)[22m

    Locator: locator('main tbody tr').first()
    Expected string: [32m"iPhone 15 Pro Max"[39m
    Received: <element(s) not found>
    Call log:
    [2m  - Expect "soft toContainText" with timeout 2000ms[22m
    [2m  - waiting for locator('main tbody tr').first()[22m


      137 |       await expect.soft(productPage.cartRows()).toHaveCount(1);
      138 |       const row = productPage.cartRows().first();
    > 139 |       await expect.soft(row).toContainText(expectation.productName);
          |                              ^
      140 |       await expect.soft(row.getByRole("cell").nth(2)).toHaveText(expectation.expectedQuantity);
      141 |       expect(expectation.cartChange).toBe(Number(expectation.expectedQuantity));
      142 |       return;
        at assertExpectation (/Users/lap15045/@repos/hcmus-sw-testing--eshop-sut/tests/automation/specs/product-detail.spec.ts:139:30)
        at /Users/lap15045/@repos/hcmus-sw-testing--eshop-sut/tests/automation/specs/product-detail.spec.ts:204:5

    Error: [31mTimed out 2000ms waiting for [39m[2mexpect([22m[31mlocator[39m[2m).[22mtoHaveText[2m([22m[32mexpected[39m[2m)[22m

    Locator: locator('main tbody tr').first().getByRole('cell').nth(2)
    Expected string: [32m"2"[39m
    Received: <element(s) not found>
    Call log:
    [2m  - Expect "soft toHaveText" with timeout 2000ms[22m
    [2m  - waiting for locator('main tbody tr').first().getByRole('cell').nth(2)[22m


      138 |       const row = productPage.cartRows().first();
      139 |       await expect.soft(row).toContainText(expectation.productName);
    > 140 |       await expect.soft(row.getByRole("cell").nth(2)).toHaveText(expectation.expectedQuantity);
          |                                                       ^
      141 |       expect(expectation.cartChange).toBe(Number(expectation.expectedQuantity));
      142 |       return;
      143 |     }
        at assertExpectation (/Users/lap15045/@repos/hcmus-sw-testing--eshop-sut/tests/automation/specs/product-detail.spec.ts:140:55)
        at /Users/lap15045/@repos/hcmus-sw-testing--eshop-sut/tests/automation/specs/product-detail.spec.ts:204:5

    attachment #1: screenshot (image/png) ──────────────────────────────────────────────────────────
    ../../reports/artifacts/product-detail/firefox/product-detail--TC-PRODUCT-061a1-t-and-gives-visual-feedback-firefox/test-failed-1.png
    ────────────────────────────────────────────────────────────────────────────────────────────────

    attachment #2: video (video/webm) ──────────────────────────────────────────────────────────────
    ../../reports/artifacts/product-detail/firefox/product-detail--TC-PRODUCT-061a1-t-and-gives-visual-feedback-firefox/video.webm
    ────────────────────────────────────────────────────────────────────────────────────────────────

    Error Context: ../../reports/artifacts/product-detail/firefox/product-detail--TC-PRODUCT-061a1-t-and-gives-visual-feedback-firefox/error-context.md

    Retry #1 ───────────────────────────────────────────────────────────────────────────────────────

    Error: [31mTimed out 1000ms waiting for [39m[2mexpect([22m[31mlocator[39m[2m).[22mtoHaveText[2m([22m[32mexpected[39m[2m)[22m

    Locator: getByRole('button', { name: /Thêm vào giỏ hàng|Đã thêm/ })
    Expected string: [32m"Đã thêm"[39m
    Received string: [31m"Thêm vào giỏ hàng"[39m
    Call log:
    [2m  - Expect "soft toHaveText" with timeout 1000ms[22m
    [2m  - waiting for getByRole('button', { name: /Thêm vào giỏ hàng|Đã thêm/ })[22m
    [2m    5 × locator resolved to <button class="bg-green-600 text-white py-3 px-6 rounded hover:bg-green-700 self-start bug-mobile-hidden">Thêm vào giỏ hàng</button>[22m
    [2m      - unexpected value "Thêm vào giỏ hàng"[22m


      131 |       return;
      132 |     case "cart_accepted": {
    > 133 |       await expect.soft(productPage.addToCartButton).toHaveText(expectation.successText, {
          |                                                      ^
      134 |         timeout: 1_000,
      135 |       });
      136 |       await productPage.openCart();
        at assertExpectation (/Users/lap15045/@repos/hcmus-sw-testing--eshop-sut/tests/automation/specs/product-detail.spec.ts:133:54)
        at /Users/lap15045/@repos/hcmus-sw-testing--eshop-sut/tests/automation/specs/product-detail.spec.ts:204:11

    Error: [31mTimed out 2000ms waiting for [39m[2mexpect([22m[31mlocator[39m[2m).[22mtoHaveCount[2m([22m[32mexpected[39m[2m)[22m

    Locator: locator('main tbody tr')
    Expected: [32m1[39m
    Received: [31m0[39m
    Call log:
    [2m  - Expect "soft toHaveCount" with timeout 2000ms[22m
    [2m  - waiting for locator('main tbody tr')[22m
    [2m    6 × locator resolved to 0 elements[22m
    [2m      - unexpected value "0"[22m


      135 |       });
      136 |       await productPage.openCart();
    > 137 |       await expect.soft(productPage.cartRows()).toHaveCount(1);
          |                                                 ^
      138 |       const row = productPage.cartRows().first();
      139 |       await expect.soft(row).toContainText(expectation.productName);
      140 |       await expect.soft(row.getByRole("cell").nth(2)).toHaveText(expectation.expectedQuantity);
        at assertExpectation (/Users/lap15045/@repos/hcmus-sw-testing--eshop-sut/tests/automation/specs/product-detail.spec.ts:137:49)
        at /Users/lap15045/@repos/hcmus-sw-testing--eshop-sut/tests/automation/specs/product-detail.spec.ts:204:5

    Error: [31mTimed out 2000ms waiting for [39m[2mexpect([22m[31mlocator[39m[2m).[22mtoContainText[2m([22m[32mexpected[39m[2m)[22m

    Locator: locator('main tbody tr').first()
    Expected string: [32m"iPhone 15 Pro Max"[39m
    Received: <element(s) not found>
    Call log:
    [2m  - Expect "soft toContainText" with timeout 2000ms[22m
    [2m  - waiting for locator('main tbody tr').first()[22m


      137 |       await expect.soft(productPage.cartRows()).toHaveCount(1);
      138 |       const row = productPage.cartRows().first();
    > 139 |       await expect.soft(row).toContainText(expectation.productName);
          |                              ^
      140 |       await expect.soft(row.getByRole("cell").nth(2)).toHaveText(expectation.expectedQuantity);
      141 |       expect(expectation.cartChange).toBe(Number(expectation.expectedQuantity));
      142 |       return;
        at assertExpectation (/Users/lap15045/@repos/hcmus-sw-testing--eshop-sut/tests/automation/specs/product-detail.spec.ts:139:30)
        at /Users/lap15045/@repos/hcmus-sw-testing--eshop-sut/tests/automation/specs/product-detail.spec.ts:204:5

    Error: [31mTimed out 2000ms waiting for [39m[2mexpect([22m[31mlocator[39m[2m).[22mtoHaveText[2m([22m[32mexpected[39m[2m)[22m

    Locator: locator('main tbody tr').first().getByRole('cell').nth(2)
    Expected string: [32m"2"[39m
    Received: <element(s) not found>
    Call log:
    [2m  - Expect "soft toHaveText" with timeout 2000ms[22m
    [2m  - waiting for locator('main tbody tr').first().getByRole('cell').nth(2)[22m


      138 |       const row = productPage.cartRows().first();
      139 |       await expect.soft(row).toContainText(expectation.productName);
    > 140 |       await expect.soft(row.getByRole("cell").nth(2)).toHaveText(expectation.expectedQuantity);
          |                                                       ^
      141 |       expect(expectation.cartChange).toBe(Number(expectation.expectedQuantity));
      142 |       return;
      143 |     }
        at assertExpectation (/Users/lap15045/@repos/hcmus-sw-testing--eshop-sut/tests/automation/specs/product-detail.spec.ts:140:55)
        at /Users/lap15045/@repos/hcmus-sw-testing--eshop-sut/tests/automation/specs/product-detail.spec.ts:204:5

    attachment #1: screenshot (image/png) ──────────────────────────────────────────────────────────
    ../../reports/artifacts/product-detail/firefox/product-detail--TC-PRODUCT-061a1-t-and-gives-visual-feedback-firefox-retry1/test-failed-1.png
    ────────────────────────────────────────────────────────────────────────────────────────────────

    attachment #2: video (video/webm) ──────────────────────────────────────────────────────────────
    ../../reports/artifacts/product-detail/firefox/product-detail--TC-PRODUCT-061a1-t-and-gives-visual-feedback-firefox-retry1/video.webm
    ────────────────────────────────────────────────────────────────────────────────────────────────

    Error Context: ../../reports/artifacts/product-detail/firefox/product-detail--TC-PRODUCT-061a1-t-and-gives-visual-feedback-firefox-retry1/error-context.md

    attachment #4: trace (application/zip) ─────────────────────────────────────────────────────────
    ../../reports/artifacts/product-detail/firefox/product-detail--TC-PRODUCT-061a1-t-and-gives-visual-feedback-firefox-retry1/trace.zip
    Usage:

        npx playwright show-trace ../../reports/artifacts/product-detail/firefox/product-detail--TC-PRODUCT-061a1-t-and-gives-visual-feedback-firefox-retry1/trace.zip

    ────────────────────────────────────────────────────────────────────────────────────────────────

  5) [firefox] › specs/product-detail.spec.ts:200:3 › [TC-PRODUCT-DETAIL-005] Quantity zero is rejected 

    Error: [31mTimed out 1000ms waiting for [39m[2mexpect([22m[31mlocator[39m[2m).[22mtoContainText[2m([22m[32mexpected[39m[2m)[22m

    Locator: locator('main')
    Expected pattern: [32m/số lượng tối thiểu là 1|số nguyên dương|không hợp lệ/i[39m
    Received string:  [31m"iPhone 15 Pro Max30,000,000 ₫Điện thoại cao cấp của AppleSố lượng:Thêm vào giỏ hàng"[39m
    Call log:
    [2m  - Expect "soft toContainText" with timeout 1000ms[22m
    [2m  - waiting for locator('main')[22m
    [2m    5 × locator resolved to <main class="flex-grow p-4 container mx-auto max-w-5xl">…</main>[22m
    [2m      - unexpected value "iPhone 15 Pro Max30,000,000 ₫Điện thoại cao cấp của AppleSố lượng:Thêm vào giỏ hàng"[22m


      143 |     }
      144 |     case "quantity_rejected":
    > 145 |       await expect.soft(productPage.main).toContainText(
          |                                           ^
      146 |         new RegExp(expectation.errorPattern, "i"),
      147 |         { timeout: 1_000 },
      148 |       );
        at assertExpectation (/Users/lap15045/@repos/hcmus-sw-testing--eshop-sut/tests/automation/specs/product-detail.spec.ts:145:43)
        at /Users/lap15045/@repos/hcmus-sw-testing--eshop-sut/tests/automation/specs/product-detail.spec.ts:204:11

    attachment #1: screenshot (image/png) ──────────────────────────────────────────────────────────
    ../../reports/artifacts/product-detail/firefox/product-detail--TC-PRODUCT-7e464-5-Quantity-zero-is-rejected-firefox/test-failed-1.png
    ────────────────────────────────────────────────────────────────────────────────────────────────

    attachment #2: video (video/webm) ──────────────────────────────────────────────────────────────
    ../../reports/artifacts/product-detail/firefox/product-detail--TC-PRODUCT-7e464-5-Quantity-zero-is-rejected-firefox/video.webm
    ────────────────────────────────────────────────────────────────────────────────────────────────

    Error Context: ../../reports/artifacts/product-detail/firefox/product-detail--TC-PRODUCT-7e464-5-Quantity-zero-is-rejected-firefox/error-context.md

    Retry #1 ───────────────────────────────────────────────────────────────────────────────────────

    Error: [31mTimed out 1000ms waiting for [39m[2mexpect([22m[31mlocator[39m[2m).[22mtoContainText[2m([22m[32mexpected[39m[2m)[22m

    Locator: locator('main')
    Expected pattern: [32m/số lượng tối thiểu là 1|số nguyên dương|không hợp lệ/i[39m
    Received string:  [31m"iPhone 15 Pro Max30,000,000 ₫Điện thoại cao cấp của AppleSố lượng:Thêm vào giỏ hàng"[39m
    Call log:
    [2m  - Expect "soft toContainText" with timeout 1000ms[22m
    [2m  - waiting for locator('main')[22m
    [2m    5 × locator resolved to <main class="flex-grow p-4 container mx-auto max-w-5xl">…</main>[22m
    [2m      - unexpected value "iPhone 15 Pro Max30,000,000 ₫Điện thoại cao cấp của AppleSố lượng:Thêm vào giỏ hàng"[22m


      143 |     }
      144 |     case "quantity_rejected":
    > 145 |       await expect.soft(productPage.main).toContainText(
          |                                           ^
      146 |         new RegExp(expectation.errorPattern, "i"),
      147 |         { timeout: 1_000 },
      148 |       );
        at assertExpectation (/Users/lap15045/@repos/hcmus-sw-testing--eshop-sut/tests/automation/specs/product-detail.spec.ts:145:43)
        at /Users/lap15045/@repos/hcmus-sw-testing--eshop-sut/tests/automation/specs/product-detail.spec.ts:204:11

    attachment #1: screenshot (image/png) ──────────────────────────────────────────────────────────
    ../../reports/artifacts/product-detail/firefox/product-detail--TC-PRODUCT-7e464-5-Quantity-zero-is-rejected-firefox-retry1/test-failed-1.png
    ────────────────────────────────────────────────────────────────────────────────────────────────

    attachment #2: video (video/webm) ──────────────────────────────────────────────────────────────
    ../../reports/artifacts/product-detail/firefox/product-detail--TC-PRODUCT-7e464-5-Quantity-zero-is-rejected-firefox-retry1/video.webm
    ────────────────────────────────────────────────────────────────────────────────────────────────

    Error Context: ../../reports/artifacts/product-detail/firefox/product-detail--TC-PRODUCT-7e464-5-Quantity-zero-is-rejected-firefox-retry1/error-context.md

    attachment #4: trace (application/zip) ─────────────────────────────────────────────────────────
    ../../reports/artifacts/product-detail/firefox/product-detail--TC-PRODUCT-7e464-5-Quantity-zero-is-rejected-firefox-retry1/trace.zip
    Usage:

        npx playwright show-trace ../../reports/artifacts/product-detail/firefox/product-detail--TC-PRODUCT-7e464-5-Quantity-zero-is-rejected-firefox-retry1/trace.zip

    ────────────────────────────────────────────────────────────────────────────────────────────────

  6) [firefox] › specs/product-detail.spec.ts:200:3 › [TC-PRODUCT-DETAIL-006] Negative quantity is rejected 

    Error: [31mTimed out 1000ms waiting for [39m[2mexpect([22m[31mlocator[39m[2m).[22mtoContainText[2m([22m[32mexpected[39m[2m)[22m

    Locator: locator('main')
    Expected pattern: [32m/số lượng tối thiểu là 1|số nguyên dương|không hợp lệ/i[39m
    Received string:  [31m"iPhone 15 Pro Max30,000,000 ₫Điện thoại cao cấp của AppleSố lượng:Thêm vào giỏ hàng"[39m
    Call log:
    [2m  - Expect "soft toContainText" with timeout 1000ms[22m
    [2m  - waiting for locator('main')[22m
    [2m    5 × locator resolved to <main class="flex-grow p-4 container mx-auto max-w-5xl">…</main>[22m
    [2m      - unexpected value "iPhone 15 Pro Max30,000,000 ₫Điện thoại cao cấp của AppleSố lượng:Thêm vào giỏ hàng"[22m


      143 |     }
      144 |     case "quantity_rejected":
    > 145 |       await expect.soft(productPage.main).toContainText(
          |                                           ^
      146 |         new RegExp(expectation.errorPattern, "i"),
      147 |         { timeout: 1_000 },
      148 |       );
        at assertExpectation (/Users/lap15045/@repos/hcmus-sw-testing--eshop-sut/tests/automation/specs/product-detail.spec.ts:145:43)
        at /Users/lap15045/@repos/hcmus-sw-testing--eshop-sut/tests/automation/specs/product-detail.spec.ts:204:11

    attachment #1: screenshot (image/png) ──────────────────────────────────────────────────────────
    ../../reports/artifacts/product-detail/firefox/product-detail--TC-PRODUCT-a07eb-gative-quantity-is-rejected-firefox/test-failed-1.png
    ────────────────────────────────────────────────────────────────────────────────────────────────

    attachment #2: video (video/webm) ──────────────────────────────────────────────────────────────
    ../../reports/artifacts/product-detail/firefox/product-detail--TC-PRODUCT-a07eb-gative-quantity-is-rejected-firefox/video.webm
    ────────────────────────────────────────────────────────────────────────────────────────────────

    Error Context: ../../reports/artifacts/product-detail/firefox/product-detail--TC-PRODUCT-a07eb-gative-quantity-is-rejected-firefox/error-context.md

    Retry #1 ───────────────────────────────────────────────────────────────────────────────────────

    Error: [31mTimed out 1000ms waiting for [39m[2mexpect([22m[31mlocator[39m[2m).[22mtoContainText[2m([22m[32mexpected[39m[2m)[22m

    Locator: locator('main')
    Expected pattern: [32m/số lượng tối thiểu là 1|số nguyên dương|không hợp lệ/i[39m
    Received string:  [31m"iPhone 15 Pro Max30,000,000 ₫Điện thoại cao cấp của AppleSố lượng:Thêm vào giỏ hàng"[39m
    Call log:
    [2m  - Expect "soft toContainText" with timeout 1000ms[22m
    [2m  - waiting for locator('main')[22m
    [2m    5 × locator resolved to <main class="flex-grow p-4 container mx-auto max-w-5xl">…</main>[22m
    [2m      - unexpected value "iPhone 15 Pro Max30,000,000 ₫Điện thoại cao cấp của AppleSố lượng:Thêm vào giỏ hàng"[22m


      143 |     }
      144 |     case "quantity_rejected":
    > 145 |       await expect.soft(productPage.main).toContainText(
          |                                           ^
      146 |         new RegExp(expectation.errorPattern, "i"),
      147 |         { timeout: 1_000 },
      148 |       );
        at assertExpectation (/Users/lap15045/@repos/hcmus-sw-testing--eshop-sut/tests/automation/specs/product-detail.spec.ts:145:43)
        at /Users/lap15045/@repos/hcmus-sw-testing--eshop-sut/tests/automation/specs/product-detail.spec.ts:204:11

    attachment #1: screenshot (image/png) ──────────────────────────────────────────────────────────
    ../../reports/artifacts/product-detail/firefox/product-detail--TC-PRODUCT-a07eb-gative-quantity-is-rejected-firefox-retry1/test-failed-1.png
    ────────────────────────────────────────────────────────────────────────────────────────────────

    attachment #2: video (video/webm) ──────────────────────────────────────────────────────────────
    ../../reports/artifacts/product-detail/firefox/product-detail--TC-PRODUCT-a07eb-gative-quantity-is-rejected-firefox-retry1/video.webm
    ────────────────────────────────────────────────────────────────────────────────────────────────

    Error Context: ../../reports/artifacts/product-detail/firefox/product-detail--TC-PRODUCT-a07eb-gative-quantity-is-rejected-firefox-retry1/error-context.md

    attachment #4: trace (application/zip) ─────────────────────────────────────────────────────────
    ../../reports/artifacts/product-detail/firefox/product-detail--TC-PRODUCT-a07eb-gative-quantity-is-rejected-firefox-retry1/trace.zip
    Usage:

        npx playwright show-trace ../../reports/artifacts/product-detail/firefox/product-detail--TC-PRODUCT-a07eb-gative-quantity-is-rejected-firefox-retry1/trace.zip

    ────────────────────────────────────────────────────────────────────────────────────────────────

  7) [firefox] › specs/product-detail.spec.ts:200:3 › [TC-PRODUCT-DETAIL-007] Decimal quantity is rejected 

    Error: [31mTimed out 1000ms waiting for [39m[2mexpect([22m[31mlocator[39m[2m).[22mtoContainText[2m([22m[32mexpected[39m[2m)[22m

    Locator: locator('main')
    Expected pattern: [32m/số lượng phải là số nguyên|số nguyên dương|không hợp lệ/i[39m
    Received string:  [31m"iPhone 15 Pro Max30,000,000 ₫Điện thoại cao cấp của AppleSố lượng:Thêm vào giỏ hàng"[39m
    Call log:
    [2m  - Expect "soft toContainText" with timeout 1000ms[22m
    [2m  - waiting for locator('main')[22m
    [2m    5 × locator resolved to <main class="flex-grow p-4 container mx-auto max-w-5xl">…</main>[22m
    [2m      - unexpected value "iPhone 15 Pro Max30,000,000 ₫Điện thoại cao cấp của AppleSố lượng:Thêm vào giỏ hàng"[22m


      143 |     }
      144 |     case "quantity_rejected":
    > 145 |       await expect.soft(productPage.main).toContainText(
          |                                           ^
      146 |         new RegExp(expectation.errorPattern, "i"),
      147 |         { timeout: 1_000 },
      148 |       );
        at assertExpectation (/Users/lap15045/@repos/hcmus-sw-testing--eshop-sut/tests/automation/specs/product-detail.spec.ts:145:43)
        at /Users/lap15045/@repos/hcmus-sw-testing--eshop-sut/tests/automation/specs/product-detail.spec.ts:204:11

    attachment #1: screenshot (image/png) ──────────────────────────────────────────────────────────
    ../../reports/artifacts/product-detail/firefox/product-detail--TC-PRODUCT-3279d-ecimal-quantity-is-rejected-firefox/test-failed-1.png
    ────────────────────────────────────────────────────────────────────────────────────────────────

    attachment #2: video (video/webm) ──────────────────────────────────────────────────────────────
    ../../reports/artifacts/product-detail/firefox/product-detail--TC-PRODUCT-3279d-ecimal-quantity-is-rejected-firefox/video.webm
    ────────────────────────────────────────────────────────────────────────────────────────────────

    Error Context: ../../reports/artifacts/product-detail/firefox/product-detail--TC-PRODUCT-3279d-ecimal-quantity-is-rejected-firefox/error-context.md

    Retry #1 ───────────────────────────────────────────────────────────────────────────────────────

    Error: [31mTimed out 1000ms waiting for [39m[2mexpect([22m[31mlocator[39m[2m).[22mtoContainText[2m([22m[32mexpected[39m[2m)[22m

    Locator: locator('main')
    Expected pattern: [32m/số lượng phải là số nguyên|số nguyên dương|không hợp lệ/i[39m
    Received string:  [31m"iPhone 15 Pro Max30,000,000 ₫Điện thoại cao cấp của AppleSố lượng:Thêm vào giỏ hàng"[39m
    Call log:
    [2m  - Expect "soft toContainText" with timeout 1000ms[22m
    [2m  - waiting for locator('main')[22m
    [2m    5 × locator resolved to <main class="flex-grow p-4 container mx-auto max-w-5xl">…</main>[22m
    [2m      - unexpected value "iPhone 15 Pro Max30,000,000 ₫Điện thoại cao cấp của AppleSố lượng:Thêm vào giỏ hàng"[22m


      143 |     }
      144 |     case "quantity_rejected":
    > 145 |       await expect.soft(productPage.main).toContainText(
          |                                           ^
      146 |         new RegExp(expectation.errorPattern, "i"),
      147 |         { timeout: 1_000 },
      148 |       );
        at assertExpectation (/Users/lap15045/@repos/hcmus-sw-testing--eshop-sut/tests/automation/specs/product-detail.spec.ts:145:43)
        at /Users/lap15045/@repos/hcmus-sw-testing--eshop-sut/tests/automation/specs/product-detail.spec.ts:204:11

    attachment #1: screenshot (image/png) ──────────────────────────────────────────────────────────
    ../../reports/artifacts/product-detail/firefox/product-detail--TC-PRODUCT-3279d-ecimal-quantity-is-rejected-firefox-retry1/test-failed-1.png
    ────────────────────────────────────────────────────────────────────────────────────────────────

    attachment #2: video (video/webm) ──────────────────────────────────────────────────────────────
    ../../reports/artifacts/product-detail/firefox/product-detail--TC-PRODUCT-3279d-ecimal-quantity-is-rejected-firefox-retry1/video.webm
    ────────────────────────────────────────────────────────────────────────────────────────────────

    Error Context: ../../reports/artifacts/product-detail/firefox/product-detail--TC-PRODUCT-3279d-ecimal-quantity-is-rejected-firefox-retry1/error-context.md

    attachment #4: trace (application/zip) ─────────────────────────────────────────────────────────
    ../../reports/artifacts/product-detail/firefox/product-detail--TC-PRODUCT-3279d-ecimal-quantity-is-rejected-firefox-retry1/trace.zip
    Usage:

        npx playwright show-trace ../../reports/artifacts/product-detail/firefox/product-detail--TC-PRODUCT-3279d-ecimal-quantity-is-rejected-firefox-retry1/trace.zip

    ────────────────────────────────────────────────────────────────────────────────────────────────

  8) [firefox] › specs/product-detail.spec.ts:200:3 › [TC-PRODUCT-DETAIL-008] Empty quantity is rejected 

    Error: [31mTimed out 1000ms waiting for [39m[2mexpect([22m[31mlocator[39m[2m).[22mtoContainText[2m([22m[32mexpected[39m[2m)[22m

    Locator: locator('main')
    Expected pattern: [32m/vui lòng nhập số lượng|bắt buộc|không hợp lệ/i[39m
    Received string:  [31m"iPhone 15 Pro Max30,000,000 ₫Điện thoại cao cấp của AppleSố lượng:Thêm vào giỏ hàng"[39m
    Call log:
    [2m  - Expect "soft toContainText" with timeout 1000ms[22m
    [2m  - waiting for locator('main')[22m
    [2m    5 × locator resolved to <main class="flex-grow p-4 container mx-auto max-w-5xl">…</main>[22m
    [2m      - unexpected value "iPhone 15 Pro Max30,000,000 ₫Điện thoại cao cấp của AppleSố lượng:Thêm vào giỏ hàng"[22m


      143 |     }
      144 |     case "quantity_rejected":
    > 145 |       await expect.soft(productPage.main).toContainText(
          |                                           ^
      146 |         new RegExp(expectation.errorPattern, "i"),
      147 |         { timeout: 1_000 },
      148 |       );
        at assertExpectation (/Users/lap15045/@repos/hcmus-sw-testing--eshop-sut/tests/automation/specs/product-detail.spec.ts:145:43)
        at /Users/lap15045/@repos/hcmus-sw-testing--eshop-sut/tests/automation/specs/product-detail.spec.ts:204:11

    attachment #1: screenshot (image/png) ──────────────────────────────────────────────────────────
    ../../reports/artifacts/product-detail/firefox/product-detail--TC-PRODUCT-adb8f--Empty-quantity-is-rejected-firefox/test-failed-1.png
    ────────────────────────────────────────────────────────────────────────────────────────────────

    attachment #2: video (video/webm) ──────────────────────────────────────────────────────────────
    ../../reports/artifacts/product-detail/firefox/product-detail--TC-PRODUCT-adb8f--Empty-quantity-is-rejected-firefox/video.webm
    ────────────────────────────────────────────────────────────────────────────────────────────────

    Error Context: ../../reports/artifacts/product-detail/firefox/product-detail--TC-PRODUCT-adb8f--Empty-quantity-is-rejected-firefox/error-context.md

    Retry #1 ───────────────────────────────────────────────────────────────────────────────────────

    Error: [31mTimed out 1000ms waiting for [39m[2mexpect([22m[31mlocator[39m[2m).[22mtoContainText[2m([22m[32mexpected[39m[2m)[22m

    Locator: locator('main')
    Expected pattern: [32m/vui lòng nhập số lượng|bắt buộc|không hợp lệ/i[39m
    Received string:  [31m"iPhone 15 Pro Max30,000,000 ₫Điện thoại cao cấp của AppleSố lượng:Thêm vào giỏ hàng"[39m
    Call log:
    [2m  - Expect "soft toContainText" with timeout 1000ms[22m
    [2m  - waiting for locator('main')[22m
    [2m    5 × locator resolved to <main class="flex-grow p-4 container mx-auto max-w-5xl">…</main>[22m
    [2m      - unexpected value "iPhone 15 Pro Max30,000,000 ₫Điện thoại cao cấp của AppleSố lượng:Thêm vào giỏ hàng"[22m


      143 |     }
      144 |     case "quantity_rejected":
    > 145 |       await expect.soft(productPage.main).toContainText(
          |                                           ^
      146 |         new RegExp(expectation.errorPattern, "i"),
      147 |         { timeout: 1_000 },
      148 |       );
        at assertExpectation (/Users/lap15045/@repos/hcmus-sw-testing--eshop-sut/tests/automation/specs/product-detail.spec.ts:145:43)
        at /Users/lap15045/@repos/hcmus-sw-testing--eshop-sut/tests/automation/specs/product-detail.spec.ts:204:11

    attachment #1: screenshot (image/png) ──────────────────────────────────────────────────────────
    ../../reports/artifacts/product-detail/firefox/product-detail--TC-PRODUCT-adb8f--Empty-quantity-is-rejected-firefox-retry1/test-failed-1.png
    ────────────────────────────────────────────────────────────────────────────────────────────────

    attachment #2: video (video/webm) ──────────────────────────────────────────────────────────────
    ../../reports/artifacts/product-detail/firefox/product-detail--TC-PRODUCT-adb8f--Empty-quantity-is-rejected-firefox-retry1/video.webm
    ────────────────────────────────────────────────────────────────────────────────────────────────

    Error Context: ../../reports/artifacts/product-detail/firefox/product-detail--TC-PRODUCT-adb8f--Empty-quantity-is-rejected-firefox-retry1/error-context.md

    attachment #4: trace (application/zip) ─────────────────────────────────────────────────────────
    ../../reports/artifacts/product-detail/firefox/product-detail--TC-PRODUCT-adb8f--Empty-quantity-is-rejected-firefox-retry1/trace.zip
    Usage:

        npx playwright show-trace ../../reports/artifacts/product-detail/firefox/product-detail--TC-PRODUCT-adb8f--Empty-quantity-is-rejected-firefox-retry1/trace.zip

    ────────────────────────────────────────────────────────────────────────────────────────────────

  9) [firefox] › specs/product-detail.spec.ts:200:3 › [TC-PRODUCT-DETAIL-009] Alphabetic quantity is rejected 

    Error: [31mTimed out 1000ms waiting for [39m[2mexpect([22m[31mlocator[39m[2m).[22mtoContainText[2m([22m[32mexpected[39m[2m)[22m

    Locator: locator('main')
    Expected pattern: [32m/số lượng phải là số nguyên|định dạng|không hợp lệ/i[39m
    Received string:  [31m"iPhone 15 Pro Max30,000,000 ₫Điện thoại cao cấp của AppleSố lượng:Thêm vào giỏ hàng"[39m
    Call log:
    [2m  - Expect "soft toContainText" with timeout 1000ms[22m
    [2m  - waiting for locator('main')[22m
    [2m    5 × locator resolved to <main class="flex-grow p-4 container mx-auto max-w-5xl">…</main>[22m
    [2m      - unexpected value "iPhone 15 Pro Max30,000,000 ₫Điện thoại cao cấp của AppleSố lượng:Thêm vào giỏ hàng"[22m


      143 |     }
      144 |     case "quantity_rejected":
    > 145 |       await expect.soft(productPage.main).toContainText(
          |                                           ^
      146 |         new RegExp(expectation.errorPattern, "i"),
      147 |         { timeout: 1_000 },
      148 |       );
        at assertExpectation (/Users/lap15045/@repos/hcmus-sw-testing--eshop-sut/tests/automation/specs/product-detail.spec.ts:145:43)
        at /Users/lap15045/@repos/hcmus-sw-testing--eshop-sut/tests/automation/specs/product-detail.spec.ts:204:11

    attachment #1: screenshot (image/png) ──────────────────────────────────────────────────────────
    ../../reports/artifacts/product-detail/firefox/product-detail--TC-PRODUCT-729b2-abetic-quantity-is-rejected-firefox/test-failed-1.png
    ────────────────────────────────────────────────────────────────────────────────────────────────

    attachment #2: video (video/webm) ──────────────────────────────────────────────────────────────
    ../../reports/artifacts/product-detail/firefox/product-detail--TC-PRODUCT-729b2-abetic-quantity-is-rejected-firefox/video.webm
    ────────────────────────────────────────────────────────────────────────────────────────────────

    Error Context: ../../reports/artifacts/product-detail/firefox/product-detail--TC-PRODUCT-729b2-abetic-quantity-is-rejected-firefox/error-context.md

    Retry #1 ───────────────────────────────────────────────────────────────────────────────────────

    Error: [31mTimed out 1000ms waiting for [39m[2mexpect([22m[31mlocator[39m[2m).[22mtoContainText[2m([22m[32mexpected[39m[2m)[22m

    Locator: locator('main')
    Expected pattern: [32m/số lượng phải là số nguyên|định dạng|không hợp lệ/i[39m
    Received string:  [31m"iPhone 15 Pro Max30,000,000 ₫Điện thoại cao cấp của AppleSố lượng:Thêm vào giỏ hàng"[39m
    Call log:
    [2m  - Expect "soft toContainText" with timeout 1000ms[22m
    [2m  - waiting for locator('main')[22m
    [2m    5 × locator resolved to <main class="flex-grow p-4 container mx-auto max-w-5xl">…</main>[22m
    [2m      - unexpected value "iPhone 15 Pro Max30,000,000 ₫Điện thoại cao cấp của AppleSố lượng:Thêm vào giỏ hàng"[22m


      143 |     }
      144 |     case "quantity_rejected":
    > 145 |       await expect.soft(productPage.main).toContainText(
          |                                           ^
      146 |         new RegExp(expectation.errorPattern, "i"),
      147 |         { timeout: 1_000 },
      148 |       );
        at assertExpectation (/Users/lap15045/@repos/hcmus-sw-testing--eshop-sut/tests/automation/specs/product-detail.spec.ts:145:43)
        at /Users/lap15045/@repos/hcmus-sw-testing--eshop-sut/tests/automation/specs/product-detail.spec.ts:204:11

    attachment #1: screenshot (image/png) ──────────────────────────────────────────────────────────
    ../../reports/artifacts/product-detail/firefox/product-detail--TC-PRODUCT-729b2-abetic-quantity-is-rejected-firefox-retry1/test-failed-1.png
    ────────────────────────────────────────────────────────────────────────────────────────────────

    attachment #2: video (video/webm) ──────────────────────────────────────────────────────────────
    ../../reports/artifacts/product-detail/firefox/product-detail--TC-PRODUCT-729b2-abetic-quantity-is-rejected-firefox-retry1/video.webm
    ────────────────────────────────────────────────────────────────────────────────────────────────

    Error Context: ../../reports/artifacts/product-detail/firefox/product-detail--TC-PRODUCT-729b2-abetic-quantity-is-rejected-firefox-retry1/error-context.md

    attachment #4: trace (application/zip) ─────────────────────────────────────────────────────────
    ../../reports/artifacts/product-detail/firefox/product-detail--TC-PRODUCT-729b2-abetic-quantity-is-rejected-firefox-retry1/trace.zip
    Usage:

        npx playwright show-trace ../../reports/artifacts/product-detail/firefox/product-detail--TC-PRODUCT-729b2-abetic-quantity-is-rejected-firefox-retry1/trace.zip

    ────────────────────────────────────────────────────────────────────────────────────────────────

  10) [firefox] › specs/product-detail.spec.ts:200:3 › [TC-PRODUCT-DETAIL-010] Minimum quantity one is accepted 

    Error: [31mTimed out 1000ms waiting for [39m[2mexpect([22m[31mlocator[39m[2m).[22mtoHaveText[2m([22m[32mexpected[39m[2m)[22m

    Locator: getByRole('button', { name: /Thêm vào giỏ hàng|Đã thêm/ })
    Expected string: [32m"Đã thêm"[39m
    Received string: [31m"Thêm vào giỏ hàng"[39m
    Call log:
    [2m  - Expect "soft toHaveText" with timeout 1000ms[22m
    [2m  - waiting for getByRole('button', { name: /Thêm vào giỏ hàng|Đã thêm/ })[22m
    [2m    5 × locator resolved to <button class="bg-green-600 text-white py-3 px-6 rounded hover:bg-green-700 self-start bug-mobile-hidden">Thêm vào giỏ hàng</button>[22m
    [2m      - unexpected value "Thêm vào giỏ hàng"[22m


      131 |       return;
      132 |     case "cart_accepted": {
    > 133 |       await expect.soft(productPage.addToCartButton).toHaveText(expectation.successText, {
          |                                                      ^
      134 |         timeout: 1_000,
      135 |       });
      136 |       await productPage.openCart();
        at assertExpectation (/Users/lap15045/@repos/hcmus-sw-testing--eshop-sut/tests/automation/specs/product-detail.spec.ts:133:54)
        at /Users/lap15045/@repos/hcmus-sw-testing--eshop-sut/tests/automation/specs/product-detail.spec.ts:204:11

    Error: [31mTimed out 2000ms waiting for [39m[2mexpect([22m[31mlocator[39m[2m).[22mtoHaveCount[2m([22m[32mexpected[39m[2m)[22m

    Locator: locator('main tbody tr')
    Expected: [32m1[39m
    Received: [31m0[39m
    Call log:
    [2m  - Expect "soft toHaveCount" with timeout 2000ms[22m
    [2m  - waiting for locator('main tbody tr')[22m
    [2m    6 × locator resolved to 0 elements[22m
    [2m      - unexpected value "0"[22m


      135 |       });
      136 |       await productPage.openCart();
    > 137 |       await expect.soft(productPage.cartRows()).toHaveCount(1);
          |                                                 ^
      138 |       const row = productPage.cartRows().first();
      139 |       await expect.soft(row).toContainText(expectation.productName);
      140 |       await expect.soft(row.getByRole("cell").nth(2)).toHaveText(expectation.expectedQuantity);
        at assertExpectation (/Users/lap15045/@repos/hcmus-sw-testing--eshop-sut/tests/automation/specs/product-detail.spec.ts:137:49)
        at /Users/lap15045/@repos/hcmus-sw-testing--eshop-sut/tests/automation/specs/product-detail.spec.ts:204:5

    Error: [31mTimed out 2000ms waiting for [39m[2mexpect([22m[31mlocator[39m[2m).[22mtoContainText[2m([22m[32mexpected[39m[2m)[22m

    Locator: locator('main tbody tr').first()
    Expected string: [32m"iPhone 15 Pro Max"[39m
    Received: <element(s) not found>
    Call log:
    [2m  - Expect "soft toContainText" with timeout 2000ms[22m
    [2m  - waiting for locator('main tbody tr').first()[22m


      137 |       await expect.soft(productPage.cartRows()).toHaveCount(1);
      138 |       const row = productPage.cartRows().first();
    > 139 |       await expect.soft(row).toContainText(expectation.productName);
          |                              ^
      140 |       await expect.soft(row.getByRole("cell").nth(2)).toHaveText(expectation.expectedQuantity);
      141 |       expect(expectation.cartChange).toBe(Number(expectation.expectedQuantity));
      142 |       return;
        at assertExpectation (/Users/lap15045/@repos/hcmus-sw-testing--eshop-sut/tests/automation/specs/product-detail.spec.ts:139:30)
        at /Users/lap15045/@repos/hcmus-sw-testing--eshop-sut/tests/automation/specs/product-detail.spec.ts:204:5

    Error: [31mTimed out 2000ms waiting for [39m[2mexpect([22m[31mlocator[39m[2m).[22mtoHaveText[2m([22m[32mexpected[39m[2m)[22m

    Locator: locator('main tbody tr').first().getByRole('cell').nth(2)
    Expected string: [32m"1"[39m
    Received: <element(s) not found>
    Call log:
    [2m  - Expect "soft toHaveText" with timeout 2000ms[22m
    [2m  - waiting for locator('main tbody tr').first().getByRole('cell').nth(2)[22m


      138 |       const row = productPage.cartRows().first();
      139 |       await expect.soft(row).toContainText(expectation.productName);
    > 140 |       await expect.soft(row.getByRole("cell").nth(2)).toHaveText(expectation.expectedQuantity);
          |                                                       ^
      141 |       expect(expectation.cartChange).toBe(Number(expectation.expectedQuantity));
      142 |       return;
      143 |     }
        at assertExpectation (/Users/lap15045/@repos/hcmus-sw-testing--eshop-sut/tests/automation/specs/product-detail.spec.ts:140:55)
        at /Users/lap15045/@repos/hcmus-sw-testing--eshop-sut/tests/automation/specs/product-detail.spec.ts:204:5

    attachment #1: screenshot (image/png) ──────────────────────────────────────────────────────────
    ../../reports/artifacts/product-detail/firefox/product-detail--TC-PRODUCT-3c017-um-quantity-one-is-accepted-firefox/test-failed-1.png
    ────────────────────────────────────────────────────────────────────────────────────────────────

    attachment #2: video (video/webm) ──────────────────────────────────────────────────────────────
    ../../reports/artifacts/product-detail/firefox/product-detail--TC-PRODUCT-3c017-um-quantity-one-is-accepted-firefox/video.webm
    ────────────────────────────────────────────────────────────────────────────────────────────────

    Error Context: ../../reports/artifacts/product-detail/firefox/product-detail--TC-PRODUCT-3c017-um-quantity-one-is-accepted-firefox/error-context.md

    Retry #1 ───────────────────────────────────────────────────────────────────────────────────────

    Error: [31mTimed out 1000ms waiting for [39m[2mexpect([22m[31mlocator[39m[2m).[22mtoHaveText[2m([22m[32mexpected[39m[2m)[22m

    Locator: getByRole('button', { name: /Thêm vào giỏ hàng|Đã thêm/ })
    Expected string: [32m"Đã thêm"[39m
    Received string: [31m"Thêm vào giỏ hàng"[39m
    Call log:
    [2m  - Expect "soft toHaveText" with timeout 1000ms[22m
    [2m  - waiting for getByRole('button', { name: /Thêm vào giỏ hàng|Đã thêm/ })[22m
    [2m    5 × locator resolved to <button class="bg-green-600 text-white py-3 px-6 rounded hover:bg-green-700 self-start bug-mobile-hidden">Thêm vào giỏ hàng</button>[22m
    [2m      - unexpected value "Thêm vào giỏ hàng"[22m


      131 |       return;
      132 |     case "cart_accepted": {
    > 133 |       await expect.soft(productPage.addToCartButton).toHaveText(expectation.successText, {
          |                                                      ^
      134 |         timeout: 1_000,
      135 |       });
      136 |       await productPage.openCart();
        at assertExpectation (/Users/lap15045/@repos/hcmus-sw-testing--eshop-sut/tests/automation/specs/product-detail.spec.ts:133:54)
        at /Users/lap15045/@repos/hcmus-sw-testing--eshop-sut/tests/automation/specs/product-detail.spec.ts:204:11

    Error: [31mTimed out 2000ms waiting for [39m[2mexpect([22m[31mlocator[39m[2m).[22mtoHaveCount[2m([22m[32mexpected[39m[2m)[22m

    Locator: locator('main tbody tr')
    Expected: [32m1[39m
    Received: [31m0[39m
    Call log:
    [2m  - Expect "soft toHaveCount" with timeout 2000ms[22m
    [2m  - waiting for locator('main tbody tr')[22m
    [2m    6 × locator resolved to 0 elements[22m
    [2m      - unexpected value "0"[22m


      135 |       });
      136 |       await productPage.openCart();
    > 137 |       await expect.soft(productPage.cartRows()).toHaveCount(1);
          |                                                 ^
      138 |       const row = productPage.cartRows().first();
      139 |       await expect.soft(row).toContainText(expectation.productName);
      140 |       await expect.soft(row.getByRole("cell").nth(2)).toHaveText(expectation.expectedQuantity);
        at assertExpectation (/Users/lap15045/@repos/hcmus-sw-testing--eshop-sut/tests/automation/specs/product-detail.spec.ts:137:49)
        at /Users/lap15045/@repos/hcmus-sw-testing--eshop-sut/tests/automation/specs/product-detail.spec.ts:204:5

    Error: [31mTimed out 2000ms waiting for [39m[2mexpect([22m[31mlocator[39m[2m).[22mtoContainText[2m([22m[32mexpected[39m[2m)[22m

    Locator: locator('main tbody tr').first()
    Expected string: [32m"iPhone 15 Pro Max"[39m
    Received: <element(s) not found>
    Call log:
    [2m  - Expect "soft toContainText" with timeout 2000ms[22m
    [2m  - waiting for locator('main tbody tr').first()[22m


      137 |       await expect.soft(productPage.cartRows()).toHaveCount(1);
      138 |       const row = productPage.cartRows().first();
    > 139 |       await expect.soft(row).toContainText(expectation.productName);
          |                              ^
      140 |       await expect.soft(row.getByRole("cell").nth(2)).toHaveText(expectation.expectedQuantity);
      141 |       expect(expectation.cartChange).toBe(Number(expectation.expectedQuantity));
      142 |       return;
        at assertExpectation (/Users/lap15045/@repos/hcmus-sw-testing--eshop-sut/tests/automation/specs/product-detail.spec.ts:139:30)
        at /Users/lap15045/@repos/hcmus-sw-testing--eshop-sut/tests/automation/specs/product-detail.spec.ts:204:5

    Error: [31mTimed out 2000ms waiting for [39m[2mexpect([22m[31mlocator[39m[2m).[22mtoHaveText[2m([22m[32mexpected[39m[2m)[22m

    Locator: locator('main tbody tr').first().getByRole('cell').nth(2)
    Expected string: [32m"1"[39m
    Received: <element(s) not found>
    Call log:
    [2m  - Expect "soft toHaveText" with timeout 2000ms[22m
    [2m  - waiting for locator('main tbody tr').first().getByRole('cell').nth(2)[22m


      138 |       const row = productPage.cartRows().first();
      139 |       await expect.soft(row).toContainText(expectation.productName);
    > 140 |       await expect.soft(row.getByRole("cell").nth(2)).toHaveText(expectation.expectedQuantity);
          |                                                       ^
      141 |       expect(expectation.cartChange).toBe(Number(expectation.expectedQuantity));
      142 |       return;
      143 |     }
        at assertExpectation (/Users/lap15045/@repos/hcmus-sw-testing--eshop-sut/tests/automation/specs/product-detail.spec.ts:140:55)
        at /Users/lap15045/@repos/hcmus-sw-testing--eshop-sut/tests/automation/specs/product-detail.spec.ts:204:5

    attachment #1: screenshot (image/png) ──────────────────────────────────────────────────────────
    ../../reports/artifacts/product-detail/firefox/product-detail--TC-PRODUCT-3c017-um-quantity-one-is-accepted-firefox-retry1/test-failed-1.png
    ────────────────────────────────────────────────────────────────────────────────────────────────

    attachment #2: video (video/webm) ──────────────────────────────────────────────────────────────
    ../../reports/artifacts/product-detail/firefox/product-detail--TC-PRODUCT-3c017-um-quantity-one-is-accepted-firefox-retry1/video.webm
    ────────────────────────────────────────────────────────────────────────────────────────────────

    Error Context: ../../reports/artifacts/product-detail/firefox/product-detail--TC-PRODUCT-3c017-um-quantity-one-is-accepted-firefox-retry1/error-context.md

    attachment #4: trace (application/zip) ─────────────────────────────────────────────────────────
    ../../reports/artifacts/product-detail/firefox/product-detail--TC-PRODUCT-3c017-um-quantity-one-is-accepted-firefox-retry1/trace.zip
    Usage:

        npx playwright show-trace ../../reports/artifacts/product-detail/firefox/product-detail--TC-PRODUCT-3c017-um-quantity-one-is-accepted-firefox-retry1/trace.zip

    ────────────────────────────────────────────────────────────────────────────────────────────────

  11) [firefox] › specs/product-detail.spec.ts:200:3 › [TC-PRODUCT-DETAIL-011] Quantity just above minimum is accepted 

    Error: [31mTimed out 1000ms waiting for [39m[2mexpect([22m[31mlocator[39m[2m).[22mtoHaveText[2m([22m[32mexpected[39m[2m)[22m

    Locator: getByRole('button', { name: /Thêm vào giỏ hàng|Đã thêm/ })
    Expected string: [32m"Đã thêm"[39m
    Received string: [31m"Thêm vào giỏ hàng"[39m
    Call log:
    [2m  - Expect "soft toHaveText" with timeout 1000ms[22m
    [2m  - waiting for getByRole('button', { name: /Thêm vào giỏ hàng|Đã thêm/ })[22m
    [2m    5 × locator resolved to <button class="bg-green-600 text-white py-3 px-6 rounded hover:bg-green-700 self-start bug-mobile-hidden">Thêm vào giỏ hàng</button>[22m
    [2m      - unexpected value "Thêm vào giỏ hàng"[22m


      131 |       return;
      132 |     case "cart_accepted": {
    > 133 |       await expect.soft(productPage.addToCartButton).toHaveText(expectation.successText, {
          |                                                      ^
      134 |         timeout: 1_000,
      135 |       });
      136 |       await productPage.openCart();
        at assertExpectation (/Users/lap15045/@repos/hcmus-sw-testing--eshop-sut/tests/automation/specs/product-detail.spec.ts:133:54)
        at /Users/lap15045/@repos/hcmus-sw-testing--eshop-sut/tests/automation/specs/product-detail.spec.ts:204:11

    Error: [31mTimed out 2000ms waiting for [39m[2mexpect([22m[31mlocator[39m[2m).[22mtoHaveCount[2m([22m[32mexpected[39m[2m)[22m

    Locator: locator('main tbody tr')
    Expected: [32m1[39m
    Received: [31m0[39m
    Call log:
    [2m  - Expect "soft toHaveCount" with timeout 2000ms[22m
    [2m  - waiting for locator('main tbody tr')[22m
    [2m    6 × locator resolved to 0 elements[22m
    [2m      - unexpected value "0"[22m


      135 |       });
      136 |       await productPage.openCart();
    > 137 |       await expect.soft(productPage.cartRows()).toHaveCount(1);
          |                                                 ^
      138 |       const row = productPage.cartRows().first();
      139 |       await expect.soft(row).toContainText(expectation.productName);
      140 |       await expect.soft(row.getByRole("cell").nth(2)).toHaveText(expectation.expectedQuantity);
        at assertExpectation (/Users/lap15045/@repos/hcmus-sw-testing--eshop-sut/tests/automation/specs/product-detail.spec.ts:137:49)
        at /Users/lap15045/@repos/hcmus-sw-testing--eshop-sut/tests/automation/specs/product-detail.spec.ts:204:5

    Error: [31mTimed out 2000ms waiting for [39m[2mexpect([22m[31mlocator[39m[2m).[22mtoContainText[2m([22m[32mexpected[39m[2m)[22m

    Locator: locator('main tbody tr').first()
    Expected string: [32m"iPhone 15 Pro Max"[39m
    Received: <element(s) not found>
    Call log:
    [2m  - Expect "soft toContainText" with timeout 2000ms[22m
    [2m  - waiting for locator('main tbody tr').first()[22m


      137 |       await expect.soft(productPage.cartRows()).toHaveCount(1);
      138 |       const row = productPage.cartRows().first();
    > 139 |       await expect.soft(row).toContainText(expectation.productName);
          |                              ^
      140 |       await expect.soft(row.getByRole("cell").nth(2)).toHaveText(expectation.expectedQuantity);
      141 |       expect(expectation.cartChange).toBe(Number(expectation.expectedQuantity));
      142 |       return;
        at assertExpectation (/Users/lap15045/@repos/hcmus-sw-testing--eshop-sut/tests/automation/specs/product-detail.spec.ts:139:30)
        at /Users/lap15045/@repos/hcmus-sw-testing--eshop-sut/tests/automation/specs/product-detail.spec.ts:204:5

    Error: [31mTimed out 2000ms waiting for [39m[2mexpect([22m[31mlocator[39m[2m).[22mtoHaveText[2m([22m[32mexpected[39m[2m)[22m

    Locator: locator('main tbody tr').first().getByRole('cell').nth(2)
    Expected string: [32m"2"[39m
    Received: <element(s) not found>
    Call log:
    [2m  - Expect "soft toHaveText" with timeout 2000ms[22m
    [2m  - waiting for locator('main tbody tr').first().getByRole('cell').nth(2)[22m


      138 |       const row = productPage.cartRows().first();
      139 |       await expect.soft(row).toContainText(expectation.productName);
    > 140 |       await expect.soft(row.getByRole("cell").nth(2)).toHaveText(expectation.expectedQuantity);
          |                                                       ^
      141 |       expect(expectation.cartChange).toBe(Number(expectation.expectedQuantity));
      142 |       return;
      143 |     }
        at assertExpectation (/Users/lap15045/@repos/hcmus-sw-testing--eshop-sut/tests/automation/specs/product-detail.spec.ts:140:55)
        at /Users/lap15045/@repos/hcmus-sw-testing--eshop-sut/tests/automation/specs/product-detail.spec.ts:204:5

    attachment #1: screenshot (image/png) ──────────────────────────────────────────────────────────
    ../../reports/artifacts/product-detail/firefox/product-detail--TC-PRODUCT-9664e-t-above-minimum-is-accepted-firefox/test-failed-1.png
    ────────────────────────────────────────────────────────────────────────────────────────────────

    attachment #2: video (video/webm) ──────────────────────────────────────────────────────────────
    ../../reports/artifacts/product-detail/firefox/product-detail--TC-PRODUCT-9664e-t-above-minimum-is-accepted-firefox/video.webm
    ────────────────────────────────────────────────────────────────────────────────────────────────

    Error Context: ../../reports/artifacts/product-detail/firefox/product-detail--TC-PRODUCT-9664e-t-above-minimum-is-accepted-firefox/error-context.md

    Retry #1 ───────────────────────────────────────────────────────────────────────────────────────

    Error: [31mTimed out 1000ms waiting for [39m[2mexpect([22m[31mlocator[39m[2m).[22mtoHaveText[2m([22m[32mexpected[39m[2m)[22m

    Locator: getByRole('button', { name: /Thêm vào giỏ hàng|Đã thêm/ })
    Expected string: [32m"Đã thêm"[39m
    Received string: [31m"Thêm vào giỏ hàng"[39m
    Call log:
    [2m  - Expect "soft toHaveText" with timeout 1000ms[22m
    [2m  - waiting for getByRole('button', { name: /Thêm vào giỏ hàng|Đã thêm/ })[22m
    [2m    5 × locator resolved to <button class="bg-green-600 text-white py-3 px-6 rounded hover:bg-green-700 self-start bug-mobile-hidden">Thêm vào giỏ hàng</button>[22m
    [2m      - unexpected value "Thêm vào giỏ hàng"[22m


      131 |       return;
      132 |     case "cart_accepted": {
    > 133 |       await expect.soft(productPage.addToCartButton).toHaveText(expectation.successText, {
          |                                                      ^
      134 |         timeout: 1_000,
      135 |       });
      136 |       await productPage.openCart();
        at assertExpectation (/Users/lap15045/@repos/hcmus-sw-testing--eshop-sut/tests/automation/specs/product-detail.spec.ts:133:54)
        at /Users/lap15045/@repos/hcmus-sw-testing--eshop-sut/tests/automation/specs/product-detail.spec.ts:204:11

    Error: [31mTimed out 2000ms waiting for [39m[2mexpect([22m[31mlocator[39m[2m).[22mtoHaveCount[2m([22m[32mexpected[39m[2m)[22m

    Locator: locator('main tbody tr')
    Expected: [32m1[39m
    Received: [31m0[39m
    Call log:
    [2m  - Expect "soft toHaveCount" with timeout 2000ms[22m
    [2m  - waiting for locator('main tbody tr')[22m
    [2m    6 × locator resolved to 0 elements[22m
    [2m      - unexpected value "0"[22m


      135 |       });
      136 |       await productPage.openCart();
    > 137 |       await expect.soft(productPage.cartRows()).toHaveCount(1);
          |                                                 ^
      138 |       const row = productPage.cartRows().first();
      139 |       await expect.soft(row).toContainText(expectation.productName);
      140 |       await expect.soft(row.getByRole("cell").nth(2)).toHaveText(expectation.expectedQuantity);
        at assertExpectation (/Users/lap15045/@repos/hcmus-sw-testing--eshop-sut/tests/automation/specs/product-detail.spec.ts:137:49)
        at /Users/lap15045/@repos/hcmus-sw-testing--eshop-sut/tests/automation/specs/product-detail.spec.ts:204:5

    Error: [31mTimed out 2000ms waiting for [39m[2mexpect([22m[31mlocator[39m[2m).[22mtoContainText[2m([22m[32mexpected[39m[2m)[22m

    Locator: locator('main tbody tr').first()
    Expected string: [32m"iPhone 15 Pro Max"[39m
    Received: <element(s) not found>
    Call log:
    [2m  - Expect "soft toContainText" with timeout 2000ms[22m
    [2m  - waiting for locator('main tbody tr').first()[22m


      137 |       await expect.soft(productPage.cartRows()).toHaveCount(1);
      138 |       const row = productPage.cartRows().first();
    > 139 |       await expect.soft(row).toContainText(expectation.productName);
          |                              ^
      140 |       await expect.soft(row.getByRole("cell").nth(2)).toHaveText(expectation.expectedQuantity);
      141 |       expect(expectation.cartChange).toBe(Number(expectation.expectedQuantity));
      142 |       return;
        at assertExpectation (/Users/lap15045/@repos/hcmus-sw-testing--eshop-sut/tests/automation/specs/product-detail.spec.ts:139:30)
        at /Users/lap15045/@repos/hcmus-sw-testing--eshop-sut/tests/automation/specs/product-detail.spec.ts:204:5

    Error: [31mTimed out 2000ms waiting for [39m[2mexpect([22m[31mlocator[39m[2m).[22mtoHaveText[2m([22m[32mexpected[39m[2m)[22m

    Locator: locator('main tbody tr').first().getByRole('cell').nth(2)
    Expected string: [32m"2"[39m
    Received: <element(s) not found>
    Call log:
    [2m  - Expect "soft toHaveText" with timeout 2000ms[22m
    [2m  - waiting for locator('main tbody tr').first().getByRole('cell').nth(2)[22m


      138 |       const row = productPage.cartRows().first();
      139 |       await expect.soft(row).toContainText(expectation.productName);
    > 140 |       await expect.soft(row.getByRole("cell").nth(2)).toHaveText(expectation.expectedQuantity);
          |                                                       ^
      141 |       expect(expectation.cartChange).toBe(Number(expectation.expectedQuantity));
      142 |       return;
      143 |     }
        at assertExpectation (/Users/lap15045/@repos/hcmus-sw-testing--eshop-sut/tests/automation/specs/product-detail.spec.ts:140:55)
        at /Users/lap15045/@repos/hcmus-sw-testing--eshop-sut/tests/automation/specs/product-detail.spec.ts:204:5

    attachment #1: screenshot (image/png) ──────────────────────────────────────────────────────────
    ../../reports/artifacts/product-detail/firefox/product-detail--TC-PRODUCT-9664e-t-above-minimum-is-accepted-firefox-retry1/test-failed-1.png
    ────────────────────────────────────────────────────────────────────────────────────────────────

    attachment #2: video (video/webm) ──────────────────────────────────────────────────────────────
    ../../reports/artifacts/product-detail/firefox/product-detail--TC-PRODUCT-9664e-t-above-minimum-is-accepted-firefox-retry1/video.webm
    ────────────────────────────────────────────────────────────────────────────────────────────────

    Error Context: ../../reports/artifacts/product-detail/firefox/product-detail--TC-PRODUCT-9664e-t-above-minimum-is-accepted-firefox-retry1/error-context.md

    attachment #4: trace (application/zip) ─────────────────────────────────────────────────────────
    ../../reports/artifacts/product-detail/firefox/product-detail--TC-PRODUCT-9664e-t-above-minimum-is-accepted-firefox-retry1/trace.zip
    Usage:

        npx playwright show-trace ../../reports/artifacts/product-detail/firefox/product-detail--TC-PRODUCT-9664e-t-above-minimum-is-accepted-firefox-retry1/trace.zip

    ────────────────────────────────────────────────────────────────────────────────────────────────

  12) [firefox] › specs/product-detail.spec.ts:200:3 › [TC-PRODUCT-DETAIL-012] Unauthenticated add-to-cart is rejected 

    Error: [31mTimed out 1000ms waiting for [39m[2mexpect([22m[31mlocator[39m[2m).[22mtoContainText[2m([22m[32mexpected[39m[2m)[22m

    Locator: locator('main')
    Expected pattern: [32m/đăng nhập|unauthorized|xác thực/i[39m
    Received string:  [31m"iPhone 15 Pro Max30,000,000 ₫Điện thoại cao cấp của AppleSố lượng:Thêm vào giỏ hàng"[39m
    Call log:
    [2m  - Expect "soft toContainText" with timeout 1000ms[22m
    [2m  - waiting for locator('main')[22m
    [2m    5 × locator resolved to <main class="flex-grow p-4 container mx-auto max-w-5xl">…</main>[22m
    [2m      - unexpected value "iPhone 15 Pro Max30,000,000 ₫Điện thoại cao cấp của AppleSố lượng:Thêm vào giỏ hàng"[22m


      156 |       });
      157 |       expect(unauthenticatedResponse.status()).toBe(expectation.httpStatus);
    > 158 |       await expect.soft(productPage.main).toContainText(
          |                                           ^
      159 |         new RegExp(expectation.errorPattern, "i"),
      160 |         { timeout: 1_000 },
      161 |       );
        at assertExpectation (/Users/lap15045/@repos/hcmus-sw-testing--eshop-sut/tests/automation/specs/product-detail.spec.ts:158:43)
        at /Users/lap15045/@repos/hcmus-sw-testing--eshop-sut/tests/automation/specs/product-detail.spec.ts:204:5

    Error: [31mTimed out 2000ms waiting for [39m[2mexpect([22m[31mpage[39m[2m).[22mtoHaveURL[2m([22m[32mexpected[39m[2m)[22m

    Expected pattern: [32m/\/login$/[39m
    Received string:  [31m"http://127.0.0.1:5173/product/1"[39m
    Call log:
    [2m  - Expect "soft toHaveURL" with timeout 2000ms[22m
    [2m    6 × unexpected value "http://127.0.0.1:5173/product/1"[22m


      161 |       );
      162 |       await expect.soft(productPage.addToCartButton).not.toHaveText("Đã thêm");
    > 163 |       await expect.soft(productPage.page).toHaveURL(
          |                                           ^
      164 |         new RegExp(`${expectation.redirectUrl.replace("/", "\\/")}$`),
      165 |       );
      166 |       await productPage.openCart();
        at assertExpectation (/Users/lap15045/@repos/hcmus-sw-testing--eshop-sut/tests/automation/specs/product-detail.spec.ts:163:43)
        at /Users/lap15045/@repos/hcmus-sw-testing--eshop-sut/tests/automation/specs/product-detail.spec.ts:204:5

    attachment #1: screenshot (image/png) ──────────────────────────────────────────────────────────
    ../../reports/artifacts/product-detail/firefox/product-detail--TC-PRODUCT-27de5-ted-add-to-cart-is-rejected-firefox/test-failed-1.png
    ────────────────────────────────────────────────────────────────────────────────────────────────

    attachment #2: video (video/webm) ──────────────────────────────────────────────────────────────
    ../../reports/artifacts/product-detail/firefox/product-detail--TC-PRODUCT-27de5-ted-add-to-cart-is-rejected-firefox/video.webm
    ────────────────────────────────────────────────────────────────────────────────────────────────

    Error Context: ../../reports/artifacts/product-detail/firefox/product-detail--TC-PRODUCT-27de5-ted-add-to-cart-is-rejected-firefox/error-context.md

    Retry #1 ───────────────────────────────────────────────────────────────────────────────────────

    Error: [31mTimed out 1000ms waiting for [39m[2mexpect([22m[31mlocator[39m[2m).[22mtoContainText[2m([22m[32mexpected[39m[2m)[22m

    Locator: locator('main')
    Expected pattern: [32m/đăng nhập|unauthorized|xác thực/i[39m
    Received string:  [31m"iPhone 15 Pro Max30,000,000 ₫Điện thoại cao cấp của AppleSố lượng:Thêm vào giỏ hàng"[39m
    Call log:
    [2m  - Expect "soft toContainText" with timeout 1000ms[22m
    [2m  - waiting for locator('main')[22m
    [2m    5 × locator resolved to <main class="flex-grow p-4 container mx-auto max-w-5xl">…</main>[22m
    [2m      - unexpected value "iPhone 15 Pro Max30,000,000 ₫Điện thoại cao cấp của AppleSố lượng:Thêm vào giỏ hàng"[22m


      156 |       });
      157 |       expect(unauthenticatedResponse.status()).toBe(expectation.httpStatus);
    > 158 |       await expect.soft(productPage.main).toContainText(
          |                                           ^
      159 |         new RegExp(expectation.errorPattern, "i"),
      160 |         { timeout: 1_000 },
      161 |       );
        at assertExpectation (/Users/lap15045/@repos/hcmus-sw-testing--eshop-sut/tests/automation/specs/product-detail.spec.ts:158:43)
        at /Users/lap15045/@repos/hcmus-sw-testing--eshop-sut/tests/automation/specs/product-detail.spec.ts:204:5

    Error: [31mTimed out 2000ms waiting for [39m[2mexpect([22m[31mpage[39m[2m).[22mtoHaveURL[2m([22m[32mexpected[39m[2m)[22m

    Expected pattern: [32m/\/login$/[39m
    Received string:  [31m"http://127.0.0.1:5173/product/1"[39m
    Call log:
    [2m  - Expect "soft toHaveURL" with timeout 2000ms[22m
    [2m    6 × unexpected value "http://127.0.0.1:5173/product/1"[22m


      161 |       );
      162 |       await expect.soft(productPage.addToCartButton).not.toHaveText("Đã thêm");
    > 163 |       await expect.soft(productPage.page).toHaveURL(
          |                                           ^
      164 |         new RegExp(`${expectation.redirectUrl.replace("/", "\\/")}$`),
      165 |       );
      166 |       await productPage.openCart();
        at assertExpectation (/Users/lap15045/@repos/hcmus-sw-testing--eshop-sut/tests/automation/specs/product-detail.spec.ts:163:43)
        at /Users/lap15045/@repos/hcmus-sw-testing--eshop-sut/tests/automation/specs/product-detail.spec.ts:204:5

    attachment #1: screenshot (image/png) ──────────────────────────────────────────────────────────
    ../../reports/artifacts/product-detail/firefox/product-detail--TC-PRODUCT-27de5-ted-add-to-cart-is-rejected-firefox-retry1/test-failed-1.png
    ────────────────────────────────────────────────────────────────────────────────────────────────

    attachment #2: video (video/webm) ──────────────────────────────────────────────────────────────
    ../../reports/artifacts/product-detail/firefox/product-detail--TC-PRODUCT-27de5-ted-add-to-cart-is-rejected-firefox-retry1/video.webm
    ────────────────────────────────────────────────────────────────────────────────────────────────

    Error Context: ../../reports/artifacts/product-detail/firefox/product-detail--TC-PRODUCT-27de5-ted-add-to-cart-is-rejected-firefox-retry1/error-context.md

    attachment #4: trace (application/zip) ─────────────────────────────────────────────────────────
    ../../reports/artifacts/product-detail/firefox/product-detail--TC-PRODUCT-27de5-ted-add-to-cart-is-rejected-firefox-retry1/trace.zip
    Usage:

        npx playwright show-trace ../../reports/artifacts/product-detail/firefox/product-detail--TC-PRODUCT-27de5-ted-add-to-cart-is-rejected-firefox-retry1/trace.zip

    ────────────────────────────────────────────────────────────────────────────────────────────────

  13) [firefox] › specs/product-detail.spec.ts:200:3 › [TC-PRODUCT-DETAIL-013] Breadcrumb links back to the home page 

    Error: [31mTimed out 2000ms waiting for [39m[2mexpect([22m[31mlocator[39m[2m).[22mtoBeVisible[2m()[22m

    Locator: locator('main').getByRole('link', { name: 'Trang chủ' })
    Expected: visible
    Received: <element(s) not found>
    Call log:
    [2m  - Expect "toBeVisible" with timeout 2000ms[22m
    [2m  - waiting for locator('main').getByRole('link', { name: 'Trang chủ' })[22m


      170 |     case "breadcrumb_navigation": {
      171 |       const homeLink = productPage.main.getByRole("link", { name: expectation.linkText });
    > 172 |       await expect(homeLink).toBeVisible();
          |                              ^
      173 |       await homeLink.click();
      174 |       await expect(productPage.page).toHaveURL(
      175 |         new RegExp(`${expectation.targetUrl.replace("/", "\\/")}$`),
        at assertExpectation (/Users/lap15045/@repos/hcmus-sw-testing--eshop-sut/tests/automation/specs/product-detail.spec.ts:172:30)
        at /Users/lap15045/@repos/hcmus-sw-testing--eshop-sut/tests/automation/specs/product-detail.spec.ts:204:11

    attachment #1: screenshot (image/png) ──────────────────────────────────────────────────────────
    ../../reports/artifacts/product-detail/firefox/product-detail--TC-PRODUCT-a5f28-links-back-to-the-home-page-firefox/test-failed-1.png
    ────────────────────────────────────────────────────────────────────────────────────────────────

    attachment #2: video (video/webm) ──────────────────────────────────────────────────────────────
    ../../reports/artifacts/product-detail/firefox/product-detail--TC-PRODUCT-a5f28-links-back-to-the-home-page-firefox/video.webm
    ────────────────────────────────────────────────────────────────────────────────────────────────

    Error Context: ../../reports/artifacts/product-detail/firefox/product-detail--TC-PRODUCT-a5f28-links-back-to-the-home-page-firefox/error-context.md

    Retry #1 ───────────────────────────────────────────────────────────────────────────────────────

    Error: [31mTimed out 2000ms waiting for [39m[2mexpect([22m[31mlocator[39m[2m).[22mtoBeVisible[2m()[22m

    Locator: locator('main').getByRole('link', { name: 'Trang chủ' })
    Expected: visible
    Received: <element(s) not found>
    Call log:
    [2m  - Expect "toBeVisible" with timeout 2000ms[22m
    [2m  - waiting for locator('main').getByRole('link', { name: 'Trang chủ' })[22m


      170 |     case "breadcrumb_navigation": {
      171 |       const homeLink = productPage.main.getByRole("link", { name: expectation.linkText });
    > 172 |       await expect(homeLink).toBeVisible();
          |                              ^
      173 |       await homeLink.click();
      174 |       await expect(productPage.page).toHaveURL(
      175 |         new RegExp(`${expectation.targetUrl.replace("/", "\\/")}$`),
        at assertExpectation (/Users/lap15045/@repos/hcmus-sw-testing--eshop-sut/tests/automation/specs/product-detail.spec.ts:172:30)
        at /Users/lap15045/@repos/hcmus-sw-testing--eshop-sut/tests/automation/specs/product-detail.spec.ts:204:11

    attachment #1: screenshot (image/png) ──────────────────────────────────────────────────────────
    ../../reports/artifacts/product-detail/firefox/product-detail--TC-PRODUCT-a5f28-links-back-to-the-home-page-firefox-retry1/test-failed-1.png
    ────────────────────────────────────────────────────────────────────────────────────────────────

    attachment #2: video (video/webm) ──────────────────────────────────────────────────────────────
    ../../reports/artifacts/product-detail/firefox/product-detail--TC-PRODUCT-a5f28-links-back-to-the-home-page-firefox-retry1/video.webm
    ────────────────────────────────────────────────────────────────────────────────────────────────

    Error Context: ../../reports/artifacts/product-detail/firefox/product-detail--TC-PRODUCT-a5f28-links-back-to-the-home-page-firefox-retry1/error-context.md

    attachment #4: trace (application/zip) ─────────────────────────────────────────────────────────
    ../../reports/artifacts/product-detail/firefox/product-detail--TC-PRODUCT-a5f28-links-back-to-the-home-page-firefox-retry1/trace.zip
    Usage:

        npx playwright show-trace ../../reports/artifacts/product-detail/firefox/product-detail--TC-PRODUCT-a5f28-links-back-to-the-home-page-firefox-retry1/trace.zip

    ────────────────────────────────────────────────────────────────────────────────────────────────

  13 failed
    [firefox] › specs/product-detail.spec.ts:200:3 › [TC-PRODUCT-DETAIL-001] Valid product displays complete details 
    [firefox] › specs/product-detail.spec.ts:200:3 › [TC-PRODUCT-DETAIL-002] Unknown numeric product ID produces a not-found response 
    [firefox] › specs/product-detail.spec.ts:200:3 › [TC-PRODUCT-DETAIL-003] Non-numeric product ID produces a validation response 
    [firefox] › specs/product-detail.spec.ts:200:3 › [TC-PRODUCT-DETAIL-004] Quantity two adds the product and gives visual feedback 
    [firefox] › specs/product-detail.spec.ts:200:3 › [TC-PRODUCT-DETAIL-005] Quantity zero is rejected 
    [firefox] › specs/product-detail.spec.ts:200:3 › [TC-PRODUCT-DETAIL-006] Negative quantity is rejected 
    [firefox] › specs/product-detail.spec.ts:200:3 › [TC-PRODUCT-DETAIL-007] Decimal quantity is rejected 
    [firefox] › specs/product-detail.spec.ts:200:3 › [TC-PRODUCT-DETAIL-008] Empty quantity is rejected 
    [firefox] › specs/product-detail.spec.ts:200:3 › [TC-PRODUCT-DETAIL-009] Alphabetic quantity is rejected 
    [firefox] › specs/product-detail.spec.ts:200:3 › [TC-PRODUCT-DETAIL-010] Minimum quantity one is accepted 
    [firefox] › specs/product-detail.spec.ts:200:3 › [TC-PRODUCT-DETAIL-011] Quantity just above minimum is accepted 
    [firefox] › specs/product-detail.spec.ts:200:3 › [TC-PRODUCT-DETAIL-012] Unauthenticated add-to-cart is rejected 
    [firefox] › specs/product-detail.spec.ts:200:3 › [TC-PRODUCT-DETAIL-013] Breadcrumb links back to the home page 
  2 passed (2.3m)

To open last HTML report run:
[36m[39m
[36m  npx playwright show-report ../../reports/html/product-detail/firefox[39m
[36m[39m
[2m[WebServer] [22m(node:26265) Warning: The 'NO_COLOR' env is ignored due to the 'FORCE_COLOR' env being set.
[2m[WebServer] [22m(Use `node --trace-warnings ...` to show where the warning was created)
(node:26271) Warning: The 'NO_COLOR' env is ignored due to the 'FORCE_COLOR' env being set.
(Use `node --trace-warnings ...` to show where the warning was created)
(node:26271) Warning: The 'NO_COLOR' env is ignored due to the 'FORCE_COLOR' env being set.
(Use `node --trace-warnings ...` to show where the warning was created)
(node:26318) Warning: The 'NO_COLOR' env is ignored due to the 'FORCE_COLOR' env being set.
(Use `node --trace-warnings ...` to show where the warning was created)
(node:26318) Warning: The 'NO_COLOR' env is ignored due to the 'FORCE_COLOR' env being set.
(Use `node --trace-warnings ...` to show where the warning was created)
(node:26332) Warning: The 'NO_COLOR' env is ignored due to the 'FORCE_COLOR' env being set.
(Use `node --trace-warnings ...` to show where the warning was created)
(node:26332) Warning: The 'NO_COLOR' env is ignored due to the 'FORCE_COLOR' env being set.
(Use `node --trace-warnings ...` to show where the warning was created)
(node:26352) Warning: The 'NO_COLOR' env is ignored due to the 'FORCE_COLOR' env being set.
(Use `node --trace-warnings ...` to show where the warning was created)
(node:26352) Warning: The 'NO_COLOR' env is ignored due to the 'FORCE_COLOR' env being set.
(Use `node --trace-warnings ...` to show where the warning was created)
(node:26376) Warning: The 'NO_COLOR' env is ignored due to the 'FORCE_COLOR' env being set.
(Use `node --trace-warnings ...` to show where the warning was created)
(node:26376) Warning: The 'NO_COLOR' env is ignored due to the 'FORCE_COLOR' env being set.
(Use `node --trace-warnings ...` to show where the warning was created)
(node:26393) Warning: The 'NO_COLOR' env is ignored due to the 'FORCE_COLOR' env being set.
(Use `node --trace-warnings ...` to show where the warning was created)
(node:26393) Warning: The 'NO_COLOR' env is ignored due to the 'FORCE_COLOR' env being set.
(Use `node --trace-warnings ...` to show where the warning was created)
(node:26404) Warning: The 'NO_COLOR' env is ignored due to the 'FORCE_COLOR' env being set.
(Use `node --trace-warnings ...` to show where the warning was created)
(node:26404) Warning: The 'NO_COLOR' env is ignored due to the 'FORCE_COLOR' env being set.
(Use `node --trace-warnings ...` to show where the warning was created)
(node:26449) Warning: The 'NO_COLOR' env is ignored due to the 'FORCE_COLOR' env being set.
(Use `node --trace-warnings ...` to show where the warning was created)
(node:26449) Warning: The 'NO_COLOR' env is ignored due to the 'FORCE_COLOR' env being set.
(Use `node --trace-warnings ...` to show where the warning was created)
(node:26473) Warning: The 'NO_COLOR' env is ignored due to the 'FORCE_COLOR' env being set.
(Use `node --trace-warnings ...` to show where the warning was created)
(node:26473) Warning: The 'NO_COLOR' env is ignored due to the 'FORCE_COLOR' env being set.
(Use `node --trace-warnings ...` to show where the warning was created)
(node:26493) Warning: The 'NO_COLOR' env is ignored due to the 'FORCE_COLOR' env being set.
(Use `node --trace-warnings ...` to show where the warning was created)
(node:26493) Warning: The 'NO_COLOR' env is ignored due to the 'FORCE_COLOR' env being set.
(Use `node --trace-warnings ...` to show where the warning was created)
(node:26506) Warning: The 'NO_COLOR' env is ignored due to the 'FORCE_COLOR' env being set.
(Use `node --trace-warnings ...` to show where the warning was created)
(node:26506) Warning: The 'NO_COLOR' env is ignored due to the 'FORCE_COLOR' env being set.
(Use `node --trace-warnings ...` to show where the warning was created)
(node:26517) Warning: The 'NO_COLOR' env is ignored due to the 'FORCE_COLOR' env being set.
(Use `node --trace-warnings ...` to show where the warning was created)
(node:26517) Warning: The 'NO_COLOR' env is ignored due to the 'FORCE_COLOR' env being set.
(Use `node --trace-warnings ...` to show where the warning was created)
(node:26532) Warning: The 'NO_COLOR' env is ignored due to the 'FORCE_COLOR' env being set.
(Use `node --trace-warnings ...` to show where the warning was created)
(node:26532) Warning: The 'NO_COLOR' env is ignored due to the 'FORCE_COLOR' env being set.
(Use `node --trace-warnings ...` to show where the warning was created)
(node:26546) Warning: The 'NO_COLOR' env is ignored due to the 'FORCE_COLOR' env being set.
(Use `node --trace-warnings ...` to show where the warning was created)
(node:26546) Warning: The 'NO_COLOR' env is ignored due to the 'FORCE_COLOR' env being set.
(Use `node --trace-warnings ...` to show where the warning was created)
(node:26554) Warning: The 'NO_COLOR' env is ignored due to the 'FORCE_COLOR' env being set.
(Use `node --trace-warnings ...` to show where the warning was created)
(node:26554) Warning: The 'NO_COLOR' env is ignored due to the 'FORCE_COLOR' env being set.
(Use `node --trace-warnings ...` to show where the warning was created)
(node:26568) Warning: The 'NO_COLOR' env is ignored due to the 'FORCE_COLOR' env being set.
(Use `node --trace-warnings ...` to show where the warning was created)
(node:26568) Warning: The 'NO_COLOR' env is ignored due to the 'FORCE_COLOR' env being set.
(Use `node --trace-warnings ...` to show where the warning was created)
(node:26584) Warning: The 'NO_COLOR' env is ignored due to the 'FORCE_COLOR' env being set.
(Use `node --trace-warnings ...` to show where the warning was created)
(node:26584) Warning: The 'NO_COLOR' env is ignored due to the 'FORCE_COLOR' env being set.
(Use `node --trace-warnings ...` to show where the warning was created)
(node:26596) Warning: The 'NO_COLOR' env is ignored due to the 'FORCE_COLOR' env being set.
(Use `node --trace-warnings ...` to show where the warning was created)
(node:26596) Warning: The 'NO_COLOR' env is ignored due to the 'FORCE_COLOR' env being set.
(Use `node --trace-warnings ...` to show where the warning was created)
(node:26610) Warning: The 'NO_COLOR' env is ignored due to the 'FORCE_COLOR' env being set.
(Use `node --trace-warnings ...` to show where the warning was created)
(node:26610) Warning: The 'NO_COLOR' env is ignored due to the 'FORCE_COLOR' env being set.
(Use `node --trace-warnings ...` to show where the warning was created)
(node:26650) Warning: The 'NO_COLOR' env is ignored due to the 'FORCE_COLOR' env being set.
(Use `node --trace-warnings ...` to show where the warning was created)
(node:26650) Warning: The 'NO_COLOR' env is ignored due to the 'FORCE_COLOR' env being set.
(Use `node --trace-warnings ...` to show where the warning was created)
(node:26666) Warning: The 'NO_COLOR' env is ignored due to the 'FORCE_COLOR' env being set.
(Use `node --trace-warnings ...` to show where the warning was created)
(node:26666) Warning: The 'NO_COLOR' env is ignored due to the 'FORCE_COLOR' env being set.
(Use `node --trace-warnings ...` to show where the warning was created)
(node:26683) Warning: The 'NO_COLOR' env is ignored due to the 'FORCE_COLOR' env being set.
(Use `node --trace-warnings ...` to show where the warning was created)
(node:26683) Warning: The 'NO_COLOR' env is ignored due to the 'FORCE_COLOR' env being set.
(Use `node --trace-warnings ...` to show where the warning was created)
(node:26699) Warning: The 'NO_COLOR' env is ignored due to the 'FORCE_COLOR' env being set.
(Use `node --trace-warnings ...` to show where the warning was created)
(node:26699) Warning: The 'NO_COLOR' env is ignored due to the 'FORCE_COLOR' env being set.
(Use `node --trace-warnings ...` to show where the warning was created)
(node:26714) Warning: The 'NO_COLOR' env is ignored due to the 'FORCE_COLOR' env being set.
(Use `node --trace-warnings ...` to show where the warning was created)
(node:26714) Warning: The 'NO_COLOR' env is ignored due to the 'FORCE_COLOR' env being set.
(Use `node --trace-warnings ...` to show where the warning was created)
(node:26727) Warning: The 'NO_COLOR' env is ignored due to the 'FORCE_COLOR' env being set.
(Use `node --trace-warnings ...` to show where the warning was created)
(node:26727) Warning: The 'NO_COLOR' env is ignored due to the 'FORCE_COLOR' env being set.
(Use `node --trace-warnings ...` to show where the warning was created)
(node:26741) Warning: The 'NO_COLOR' env is ignored due to the 'FORCE_COLOR' env being set.
(Use `node --trace-warnings ...` to show where the warning was created)
(node:26741) Warning: The 'NO_COLOR' env is ignored due to the 'FORCE_COLOR' env being set.
(Use `node --trace-warnings ...` to show where the warning was created)
(node:26755) Warning: The 'NO_COLOR' env is ignored due to the 'FORCE_COLOR' env being set.
(Use `node --trace-warnings ...` to show where the warning was created)
(node:26755) Warning: The 'NO_COLOR' env is ignored due to the 'FORCE_COLOR' env being set.
(Use `node --trace-warnings ...` to show where the warning was created)
